Archive member included to satisfy reference by file (symbol)

C:/ST/STM32CubeCLT_1.17.0/GNU-tools-for-STM32/bin/../lib/gcc/arm-none-eabi/12.3.1/../../../../arm-none-eabi/lib/thumb/v7e-m+fp/hard\libc_nano.a(libc_a-exit.o)
                              C:/ST/STM32CubeCLT_1.17.0/GNU-tools-for-STM32/bin/../lib/gcc/arm-none-eabi/12.3.1/../../../../arm-none-eabi/lib/thumb/v7e-m+fp/hard/crt0.o (exit)
C:/ST/STM32CubeCLT_1.17.0/GNU-tools-for-STM32/bin/../lib/gcc/arm-none-eabi/12.3.1/../../../../arm-none-eabi/lib/thumb/v7e-m+fp/hard\libc_nano.a(libc_a-findfp.o)
                              C:/ST/STM32CubeCLT_1.17.0/GNU-tools-for-STM32/bin/../lib/gcc/arm-none-eabi/12.3.1/../../../../arm-none-eabi/lib/thumb/v7e-m+fp/hard\libc_nano.a(libc_a-exit.o) (__stdio_exit_handler)
C:/ST/STM32CubeCLT_1.17.0/GNU-tools-for-STM32/bin/../lib/gcc/arm-none-eabi/12.3.1/../../../../arm-none-eabi/lib/thumb/v7e-m+fp/hard\libc_nano.a(libc_a-fwalk.o)
                              C:/ST/STM32CubeCLT_1.17.0/GNU-tools-for-STM32/bin/../lib/gcc/arm-none-eabi/12.3.1/../../../../arm-none-eabi/lib/thumb/v7e-m+fp/hard\libc_nano.a(libc_a-findfp.o) (_fwalk_sglue)
C:/ST/STM32CubeCLT_1.17.0/GNU-tools-for-STM32/bin/../lib/gcc/arm-none-eabi/12.3.1/../../../../arm-none-eabi/lib/thumb/v7e-m+fp/hard\libc_nano.a(libc_a-stdio.o)
                              C:/ST/STM32CubeCLT_1.17.0/GNU-tools-for-STM32/bin/../lib/gcc/arm-none-eabi/12.3.1/../../../../arm-none-eabi/lib/thumb/v7e-m+fp/hard\libc_nano.a(libc_a-findfp.o) (__sread)
C:/ST/STM32CubeCLT_1.17.0/GNU-tools-for-STM32/bin/../lib/gcc/arm-none-eabi/12.3.1/../../../../arm-none-eabi/lib/thumb/v7e-m+fp/hard\libc_nano.a(libc_a-memset.o)
                              C:/ST/STM32CubeCLT_1.17.0/GNU-tools-for-STM32/bin/../lib/gcc/arm-none-eabi/12.3.1/../../../../arm-none-eabi/lib/thumb/v7e-m+fp/hard/crt0.o (memset)
C:/ST/STM32CubeCLT_1.17.0/GNU-tools-for-STM32/bin/../lib/gcc/arm-none-eabi/12.3.1/../../../../arm-none-eabi/lib/thumb/v7e-m+fp/hard\libc_nano.a(libc_a-closer.o)
                              C:/ST/STM32CubeCLT_1.17.0/GNU-tools-for-STM32/bin/../lib/gcc/arm-none-eabi/12.3.1/../../../../arm-none-eabi/lib/thumb/v7e-m+fp/hard\libc_nano.a(libc_a-stdio.o) (_close_r)
C:/ST/STM32CubeCLT_1.17.0/GNU-tools-for-STM32/bin/../lib/gcc/arm-none-eabi/12.3.1/../../../../arm-none-eabi/lib/thumb/v7e-m+fp/hard\libc_nano.a(libc_a-reent.o)
                              C:/ST/STM32CubeCLT_1.17.0/GNU-tools-for-STM32/bin/../lib/gcc/arm-none-eabi/12.3.1/../../../../arm-none-eabi/lib/thumb/v7e-m+fp/hard\libc_nano.a(libc_a-closer.o) (errno)
C:/ST/STM32CubeCLT_1.17.0/GNU-tools-for-STM32/bin/../lib/gcc/arm-none-eabi/12.3.1/../../../../arm-none-eabi/lib/thumb/v7e-m+fp/hard\libc_nano.a(libc_a-impure.o)
                              C:/ST/STM32CubeCLT_1.17.0/GNU-tools-for-STM32/bin/../lib/gcc/arm-none-eabi/12.3.1/../../../../arm-none-eabi/lib/thumb/v7e-m+fp/hard\libc_nano.a(libc_a-reent.o) (_impure_ptr)
C:/ST/STM32CubeCLT_1.17.0/GNU-tools-for-STM32/bin/../lib/gcc/arm-none-eabi/12.3.1/../../../../arm-none-eabi/lib/thumb/v7e-m+fp/hard\libc_nano.a(libc_a-lseekr.o)
                              C:/ST/STM32CubeCLT_1.17.0/GNU-tools-for-STM32/bin/../lib/gcc/arm-none-eabi/12.3.1/../../../../arm-none-eabi/lib/thumb/v7e-m+fp/hard\libc_nano.a(libc_a-stdio.o) (_lseek_r)
C:/ST/STM32CubeCLT_1.17.0/GNU-tools-for-STM32/bin/../lib/gcc/arm-none-eabi/12.3.1/../../../../arm-none-eabi/lib/thumb/v7e-m+fp/hard\libc_nano.a(libc_a-readr.o)
                              C:/ST/STM32CubeCLT_1.17.0/GNU-tools-for-STM32/bin/../lib/gcc/arm-none-eabi/12.3.1/../../../../arm-none-eabi/lib/thumb/v7e-m+fp/hard\libc_nano.a(libc_a-stdio.o) (_read_r)
C:/ST/STM32CubeCLT_1.17.0/GNU-tools-for-STM32/bin/../lib/gcc/arm-none-eabi/12.3.1/../../../../arm-none-eabi/lib/thumb/v7e-m+fp/hard\libc_nano.a(libc_a-writer.o)
                              C:/ST/STM32CubeCLT_1.17.0/GNU-tools-for-STM32/bin/../lib/gcc/arm-none-eabi/12.3.1/../../../../arm-none-eabi/lib/thumb/v7e-m+fp/hard\libc_nano.a(libc_a-stdio.o) (_write_r)
C:/ST/STM32CubeCLT_1.17.0/GNU-tools-for-STM32/bin/../lib/gcc/arm-none-eabi/12.3.1/../../../../arm-none-eabi/lib/thumb/v7e-m+fp/hard\libc_nano.a(libc_a-init.o)
                              C:/ST/STM32CubeCLT_1.17.0/GNU-tools-for-STM32/bin/../lib/gcc/arm-none-eabi/12.3.1/../../../../arm-none-eabi/lib/thumb/v7e-m+fp/hard/crt0.o (__libc_init_array)
C:/ST/STM32CubeCLT_1.17.0/GNU-tools-for-STM32/bin/../lib/gcc/arm-none-eabi/12.3.1/../../../../arm-none-eabi/lib/thumb/v7e-m+fp/hard\libc_nano.a(libc_a-lock.o)
                              C:/ST/STM32CubeCLT_1.17.0/GNU-tools-for-STM32/bin/../lib/gcc/arm-none-eabi/12.3.1/../../../../arm-none-eabi/lib/thumb/v7e-m+fp/hard\libc_nano.a(libc_a-findfp.o) (__retarget_lock_init_recursive)
C:/ST/STM32CubeCLT_1.17.0/GNU-tools-for-STM32/bin/../lib/gcc/arm-none-eabi/12.3.1/../../../../arm-none-eabi/lib/thumb/v7e-m+fp/hard\libc_nano.a(libc_a-freer.o)
[...]
Memory Configuration

Name             Origin             Length             Attributes
RAM              0x20000000         0x00018000         xrw
RAM2             0x10000000         0x00008000         xrw
FLASH            0x08000000         0x00100000         xr
*default*        0x00000000         0xffffffff

Linker script and memory map

LOAD C:/ST/STM32CubeCLT_1.17.0/GNU-tools-for-STM32/bin/../lib/gcc/arm-none-eabi/12.3.1/thumb/v7e-m+fp/hard/crti.o
LOAD C:/ST/STM32CubeCLT_1.17.0/GNU-tools-for-STM32/bin/../lib/gcc/arm-none-eabi/12.3.1/thumb/v7e-m+fp/hard/crtbegin.o
LOAD C:/ST/STM32CubeCLT_1.17.0/GNU-tools-for-STM32/bin/../lib/gcc/arm-none-eabi/12.3.1/../../../../arm-none-eabi/lib/thumb/v7e-m+fp/hard/crt0.o
START GROUP
LOAD C:/ST/STM32CubeCLT_1.17.0/GNU-tools-for-STM32/bin/../lib/gcc/arm-none-eabi/12.3.1/../../../../arm-none-eabi/lib/thumb/v7e-m+fp/hard\libc_nano.a
LOAD C:/ST/STM32CubeCLT_1.17.0/GNU-tools-for-STM32/bin/../lib/gcc/arm-none-eabi/12.3.1/../../../../arm-none-eabi/lib/thumb/v7e-m+fp/hard\libm.a
END GROUP
LOAD CMakeFiles/Project.dir/Drivers/External/keypad/keypad.c.obj
LOAD CMakeFiles/Project.dir/Drivers/External/ssd1306/ssd1306.c.obj
LOAD CMakeFiles/Project.dir/Drivers/External/ssd1306/ssd1306_fonts.c.obj
LOAD CMakeFiles/Project.dir/Core/Src/main.c.obj
LOAD CMakeFiles/Project.dir/Core/Src/gpio.c.obj
LOAD CMakeFiles/Project.dir/Core/Src/ring_buffer.c.obj
LOAD CMakeFiles/Project.dir/Core/Src/i2c.c.obj
LOAD CMakeFiles/Project.dir/Core/Src/usart.c.obj
LOAD CMakeFiles/Project.dir/Core/Src/stm32l4xx_it.c.obj
LOAD CMakeFiles/Project.dir/Core/Src/stm32l4xx_hal_msp.c.obj
LOAD CMakeFiles/Project.dir/Core/Src/system_stm32l4xx.c.obj
LOAD CMakeFiles/Project.dir/Drivers/STM32L4xx_HAL_Driver/Src/stm32l4xx_hal_i2c.c.obj
LOAD CMakeFiles/Project.dir/Drivers/STM32L4xx_HAL_Driver/Src/stm32l4xx_hal_i2c_ex.c.obj
LOAD CMakeFiles/Project.dir/Drivers/STM32L4xx_HAL_Driver/Src/stm32l4xx_hal.c.obj
LOAD CMakeFiles/Project.dir/Drivers/STM32L4xx_HAL_Driver/Src/stm32l4xx_hal_rcc.c.obj
LOAD CMakeFiles/Project.dir/Drivers/STM32L4xx_HAL_Driver/Src/stm32l4xx_hal_rcc_ex.c.obj
LOAD CMakeFiles/Project.dir/Drivers/STM32L4xx_HAL_Driver/Src/stm32l4xx_hal_flash.c.obj
LOAD CMakeFiles/Project.dir/Drivers/STM32L4xx_HAL_Driver/Src/stm32l4xx_hal_flash_ex.c.obj
LOAD CMakeFiles/Project.dir/Drivers/STM32L4xx_HAL_Driver/Src/stm32l4xx_hal_flash_ramfunc.c.obj
LOAD CMakeFiles/Project.dir/Drivers/STM32L4xx_HAL_Driver/Src/stm32l4xx_hal_gpio.c.obj
LOAD CMakeFiles/Project.dir/Drivers/STM32L4xx_HAL_Driver/Src/stm32l4xx_hal_dma.c.obj
LOAD CMakeFiles/Project.dir/Drivers/STM32L4xx_HAL_Driver/Src/stm32l4xx_hal_dma_ex.c.obj
LOAD CMakeFiles/Project.dir/Drivers/STM32L4xx_HAL_Driver/Src/stm32l4xx_hal_pwr.c.obj
LOAD CMakeFiles/Project.dir/Drivers/STM32L4xx_HAL_Driver/Src/stm32l4xx_hal_pwr_ex.c.obj
LOAD CMakeFiles/Project.dir/Drivers/STM32L4xx_HAL_Driver/Src/stm32l4xx_hal_cortex.c.obj
LOAD CMakeFiles/Project.dir/Drivers/STM32L4xx_HAL_Driver/Src/stm32l4xx_hal_exti.c.obj
LOAD CMakeFiles/Project.dir/Drivers/STM32L4xx_HAL_Driver/Src/stm32l4xx_hal_uart.c.obj
LOAD CMakeFiles/Project.dir/Drivers/STM32L4xx_HAL_Driver/Src/stm32l4xx_hal_uart_ex.c.obj
LOAD CMakeFiles/Project.dir/Core/Src/sysmem.c.obj
LOAD CMakeFiles/Project.dir/Core/Src/syscalls.c.obj
LOAD CMakeFiles/Project.dir/startup_stm32l476xx.s.obj
START GROUP
LOAD C:/ST/STM32CubeCLT_1.17.0/GNU-tools-for-STM32/bin/../lib/gcc/arm-none-eabi/12.3.1/thumb/v7e-m+fp/hard\libgcc.a
LOAD C:/ST/STM32CubeCLT_1.17.0/GNU-tools-for-STM32/bin/../lib/gcc/arm-none-eabi/12.3.1/../../../../arm-none-eabi/lib/thumb/v7e-m+fp/hard\libg_nano.a
LOAD C:/ST/STM32CubeCLT_1.17.0/GNU-tools-for-STM32/bin/../lib/gcc/arm-none-eabi/12.3.1/../../../../arm-none-eabi/lib/thumb/v7e-m+fp/hard\libc_nano.a
END GROUP
START GROUP
LOAD C:/ST/STM32CubeCLT_1.17.0/GNU-tools-for-STM32/bin/../lib/gcc/arm-none-eabi/12.3.1/thumb/v7e-m+fp/hard\libgcc.a
LOAD C:/ST/STM32CubeCLT_1.17.0/GNU-tools-for-STM32/bin/../lib/gcc/arm-none-eabi/12.3.1/../../../../arm-none-eabi/lib/thumb/v7e-m+fp/hard\libc_nano.a
END GROUP
LOAD C:/ST/STM32CubeCLT_1.17.0/GNU-tools-for-STM32/bin/../lib/gcc/arm-none-eabi/12.3.1/thumb/v7e-m+fp/hard/crtend.o
LOAD C:/ST/STM32CubeCLT_1.17.0/GNU-tools-for-STM32/bin/../lib/gcc/arm-none-eabi/12.3.1/thumb/v7e-m+fp/hard/crtn.o
                0x20018000                        _estack = (ORIGIN (RAM) + LENGTH (RAM))
                0x00000200                        _Min_Heap_Size = 0x200
                0x00000400                        _Min_Stack_Size = 0x400

.isr_vector     0x08000000      0x188
                0x08000000                        . = ALIGN (0x8)
 *(.isr_vector)
 .isr_vector    0x08000000      0x188 CMakeFiles/Project.dir/startup_stm32l476xx.s.obj
                0x08000000                g_pfnVectors
                0x08000188                        . = ALIGN (0x8)

.text           0x08000188     0x5b48
                0x08000188                        . = ALIGN (0x8)
 *(.text)
 .text          0x08000188       0x40 C:/ST/STM32CubeCLT_1.17.0/GNU-tools-for-STM32/bin/../lib/gcc/arm-none-eabi/12.3.1/thumb/v7e-m+fp/hard/crtbegin.o
 .text          0x080001c8       0x30 C:/ST/STM32CubeCLT_1.17.0/GNU-tools-for-STM32/bin/../lib/gcc/arm-none-eabi/12.3.1/thumb/v7e-m+fp/hard\libgcc.a(_aeabi_uldivmod.o)
                0x080001c8                __aeabi_uldivmod
 .text          0x080001f8      0x2bc C:/ST/STM32CubeCLT_1.17.0/GNU-tools-for-STM32/bin/../lib/gcc/arm-none-eabi/12.3.1/thumb/v7e-m+fp/hard\libgcc.a(_udivmoddi4.o)
                0x080001f8                __udivmoddi4
 .text          0x080004b4        0x4 C:/ST/STM32CubeCLT_1.17.0/GNU-tools-for-STM32/bin/../lib/gcc/arm-none-eabi/12.3.1/thumb/v7e-m+fp/hard\libgcc.a(_dvmd_tls.o)
                0x080004b4                __aeabi_idiv0
                0x080004b4                __aeabi_ldiv0
 .text          0x080004b8       0x14 C:/ST/STM32CubeCLT_1.17.0/GNU-tools-for-STM32/bin/../lib/gcc/arm-none-eabi/12.3.1/../../../../arm-none-eabi/lib/thumb/v7e-m+fp/hard\libg_nano.a(libc_a-strcmp.o)
                0x080004b8                strcmp
 .text          0x080004cc       0x10 C:/ST/STM32CubeCLT_1.17.0/GNU-tools-for-STM32/bin/../lib/gcc/arm-none-eabi/12.3.1/../../../../arm-none-eabi/lib/thumb/v7e-m+fp/hard\libg_nano.a(libc_a-strlen.o)
                0x080004cc                strlen
 *(.text*)
 .text.memset   0x080004dc       0x10 C:/ST/STM32CubeCLT_1.17.0/GNU-tools-for-STM32/bin/../lib/gcc/arm-none-eabi/12.3.1/../../../../arm-none-eabi/lib/thumb/v7e-m+fp/hard\libc_nano.a(libc_a-memset.o)
                0x080004dc                memset
 .text.__libc_init_array
                0x080004ec       0x48 C:/ST/STM32CubeCLT_1.17.0/GNU-tools-for-STM32/bin/../lib/gcc/arm-none-eabi/12.3.1/../../../../arm-none-eabi/lib/thumb/v7e-m+fp/hard\libc_nano.a(libc_a-init.o)
                0x080004ec                __libc_init_array
 .text.keypad_init
                0x08000534       0x38 CMakeFiles/Project.dir/Drivers/External/keypad/keypad.c.obj
                0x08000534                keypad_init
 .text.keypad_scan_rows
                0x0800056c       0xf4 CMakeFiles/Project.dir/Drivers/External/keypad/keypad.c.obj
 .text.keypad_scan
                0x08000660       0xdc CMakeFiles/Project.dir/Drivers/External/keypad/keypad.c.obj
                0x08000660                keypad_scan
 .text.ssd1306_Reset
                0x0800073c        0xe CMakeFiles/Project.dir/Drivers/External/ssd1306/ssd1306.c.obj
                0x0800073c                ssd1306_Reset
 *fill*         0x0800074a        0x2 
 .text.ssd1306_WriteCommand
                0x0800074c       0x30 CMakeFiles/Project.dir/Drivers/External/ssd1306/ssd1306.c.obj
                0x0800074c                ssd1306_WriteCommand
 .text.ssd1306_WriteData
                0x0800077c       0x34 CMakeFiles/Project.dir/Drivers/External/ssd1306/ssd1306.c.obj
                0x0800077c                ssd1306_WriteData
 .text.ssd1306_Init
                0x080007b0       0xd4 CMakeFiles/Project.dir/Drivers/External/ssd1306/ssd1306.c.obj
                0x080007b0                ssd1306_Init
 .text.ssd1306_Fill
                0x08000884       0x30 CMakeFiles/Project.dir/Drivers/External/ssd1306/ssd1306.c.obj
                0x08000884                ssd1306_Fill
 .text.ssd1306_UpdateScreen
                0x080008b4       0x50 CMakeFiles/Project.dir/Drivers/External/ssd1306/ssd1306.c.obj
                0x080008b4                ssd1306_UpdateScreen
 .text.ssd1306_DrawPixel
                0x08000904       0xa8 CMakeFiles/Project.dir/Drivers/External/ssd1306/ssd1306.c.obj
                0x08000904                ssd1306_DrawPixel
 .text.ssd1306_WriteChar
                0x080009ac      0x120 CMakeFiles/Project.dir/Drivers/External/ssd1306/ssd1306.c.obj
                0x080009ac                ssd1306_WriteChar
 .text.ssd1306_WriteString
                0x08000acc       0x4c CMakeFiles/Project.dir/Drivers/External/ssd1306/ssd1306.c.obj
                0x08000acc                ssd1306_WriteString
 .text.ssd1306_SetCursor
                0x08000b18       0x30 CMakeFiles/Project.dir/Drivers/External/ssd1306/ssd1306.c.obj
                0x08000b18                ssd1306_SetCursor
 .text.ssd1306_DrawBitmap
                0x08000b48       0xb6 CMakeFiles/Project.dir/Drivers/External/ssd1306/ssd1306.c.obj
                0x08000b48                ssd1306_DrawBitmap
 .text.ssd1306_SetContrast
                0x08000bfe       0x26 CMakeFiles/Project.dir/Drivers/External/ssd1306/ssd1306.c.obj
                0x08000bfe                ssd1306_SetContrast
 .text.ssd1306_SetDisplayOn
                0x08000c24       0x3c CMakeFiles/Project.dir/Drivers/External/ssd1306/ssd1306.c.obj
                0x08000c24                ssd1306_SetDisplayOn
 .text.HAL_UART_RxCpltCallback
                0x08000c60       0x78 CMakeFiles/Project.dir/Core/Src/main.c.obj
                0x08000c60                HAL_UART_RxCpltCallback
 .text.uart_send_string
                0x08000cd8       0x40 CMakeFiles/Project.dir/Core/Src/main.c.obj
                0x08000cd8                uart_send_string
 .text.display_menu
                0x08000d18       0x30 CMakeFiles/Project.dir/Core/Src/main.c.obj
                0x08000d18                display_menu
 .text.HAL_GPIO_EXTI_Callback
                0x08000d48       0xe8 CMakeFiles/Project.dir/Core/Src/main.c.obj
                0x08000d48                HAL_GPIO_EXTI_Callback
 .text.check_password
                0x08000e30       0x28 CMakeFiles/Project.dir/Core/Src/main.c.obj
                0x08000e30                check_password
 .text.handle_authentication
                0x08000e58      0x13c CMakeFiles/Project.dir/Core/Src/main.c.obj
                0x08000e58                handle_authentication
 .text.reset_system
                0x08000f94       0x48 CMakeFiles/Project.dir/Core/Src/main.c.obj
                0x08000f94                reset_system
 .text.handle_button_press
                0x08000fdc      0x15c CMakeFiles/Project.dir/Core/Src/main.c.obj
                0x08000fdc                handle_button_press
 .text.process_commands
                0x08001138      0x144 CMakeFiles/Project.dir/Core/Src/main.c.obj
                0x08001138                process_commands
 .text.handle_keypad_input
                0x0800127c       0x64 CMakeFiles/Project.dir/Core/Src/main.c.obj
                0x0800127c                handle_keypad_input
 .text.main     0x080012e0      0x130 CMakeFiles/Project.dir/Core/Src/main.c.obj
                0x080012e0                main
 .text.SystemClock_Config
                0x08001410       0xa2 CMakeFiles/Project.dir/Core/Src/main.c.obj
                0x08001410                SystemClock_Config
 .text.Error_Handler
                0x080014b2        0xc CMakeFiles/Project.dir/Core/Src/main.c.obj
                0x080014b2                Error_Handler
 *fill*         0x080014be        0x2 
 .text.MX_GPIO_Init
                0x080014c0      0x1c8 CMakeFiles/Project.dir/Core/Src/gpio.c.obj
                0x080014c0                MX_GPIO_Init
 .text.ring_buffer_init
                0x08001688       0x38 CMakeFiles/Project.dir/Core/Src/ring_buffer.c.obj
                0x08001688                ring_buffer_init
 .text.ring_buffer_reset
                0x080016c0       0x28 CMakeFiles/Project.dir/Core/Src/ring_buffer.c.obj
                0x080016c0                ring_buffer_reset
 .text.ring_buffer_is_empty
                0x080016e8       0x30 CMakeFiles/Project.dir/Core/Src/ring_buffer.c.obj
                0x080016e8                ring_buffer_is_empty
 .text.ring_buffer_write
                0x08001718       0x7a CMakeFiles/Project.dir/Core/Src/ring_buffer.c.obj
                0x08001718                ring_buffer_write
 .text.ring_buffer_read
                0x08001792       0x54 CMakeFiles/Project.dir/Core/Src/ring_buffer.c.obj
                0x08001792                ring_buffer_read
 *fill*         0x080017e6        0x2 
 .text.MX_I2C1_Init
                0x080017e8       0x80 CMakeFiles/Project.dir/Core/Src/i2c.c.obj
                0x080017e8                MX_I2C1_Init
 .text.HAL_I2C_MspInit
                0x08001868       0xbc CMakeFiles/Project.dir/Core/Src/i2c.c.obj
                0x08001868                HAL_I2C_MspInit
 .text.MX_USART2_UART_Init
                0x08001924       0x60 CMakeFiles/Project.dir/Core/Src/usart.c.obj
                0x08001924                MX_USART2_UART_Init
 .text.MX_USART3_UART_Init
                0x08001984       0x60 CMakeFiles/Project.dir/Core/Src/usart.c.obj
                0x08001984                MX_USART3_UART_Init
 .text.HAL_UART_MspInit
                0x080019e4      0x164 CMakeFiles/Project.dir/Core/Src/usart.c.obj
                0x080019e4                HAL_UART_MspInit
 .text.NMI_Handler
                0x08001b48        0x8 CMakeFiles/Project.dir/Core/Src/stm32l4xx_it.c.obj
                0x08001b48                NMI_Handler
 .text.HardFault_Handler
                0x08001b50        0x8 CMakeFiles/Project.dir/Core/Src/stm32l4xx_it.c.obj
                0x08001b50                HardFault_Handler
 .text.MemManage_Handler
                0x08001b58        0x8 CMakeFiles/Project.dir/Core/Src/stm32l4xx_it.c.obj
                0x08001b58                MemManage_Handler
 .text.BusFault_Handler
                0x08001b60        0x8 CMakeFiles/Project.dir/Core/Src/stm32l4xx_it.c.obj
                0x08001b60                BusFault_Handler
 .text.UsageFault_Handler
                0x08001b68        0x8 CMakeFiles/Project.dir/Core/Src/stm32l4xx_it.c.obj
                0x08001b68                UsageFault_Handler
 .text.SVC_Handler
                0x08001b70        0xe CMakeFiles/Project.dir/Core/Src/stm32l4xx_it.c.obj
                0x08001b70                SVC_Handler
 .text.DebugMon_Handler
                0x08001b7e        0xe CMakeFiles/Project.dir/Core/Src/stm32l4xx_it.c.obj
                0x08001b7e                DebugMon_Handler
 .text.PendSV_Handler
                0x08001b8c        0xe CMakeFiles/Project.dir/Core/Src/stm32l4xx_it.c.obj
                0x08001b8c                PendSV_Handler
 .text.SysTick_Handler
                0x08001b9a        0xc CMakeFiles/Project.dir/Core/Src/stm32l4xx_it.c.obj
                0x08001b9a                SysTick_Handler
 .text.EXTI0_IRQHandler
                0x08001ba6        0xe CMakeFiles/Project.dir/Core/Src/stm32l4xx_it.c.obj
                0x08001ba6                EXTI0_IRQHandler
 .text.EXTI9_5_IRQHandler
                0x08001bb4       0x1e CMakeFiles/Project.dir/Core/Src/stm32l4xx_it.c.obj
                0x08001bb4                EXTI9_5_IRQHandler
 *fill*         0x08001bd2        0x2 
 .text.USART2_IRQHandler
                0x08001bd4       0x14 CMakeFiles/Project.dir/Core/Src/stm32l4xx_it.c.obj
                0x08001bd4                USART2_IRQHandler
 .text.USART3_IRQHandler
                0x08001be8       0x14 CMakeFiles/Project.dir/Core/Src/stm32l4xx_it.c.obj
                0x08001be8                USART3_IRQHandler
 .text.EXTI15_10_IRQHandler
                0x08001bfc       0x18 CMakeFiles/Project.dir/Core/Src/stm32l4xx_it.c.obj
                0x08001bfc                EXTI15_10_IRQHandler
 .text.HAL_MspInit
                0x08001c14       0x48 CMakeFiles/Project.dir/Core/Src/stm32l4xx_hal_msp.c.obj
                0x08001c14                HAL_MspInit
 .text.SystemInit
                0x08001c5c       0x24 CMakeFiles/Project.dir/Core/Src/system_stm32l4xx.c.obj
                0x08001c5c                SystemInit
 .text.HAL_I2C_Init
                0x08001c80      0x136 CMakeFiles/Project.dir/Drivers/STM32L4xx_HAL_Driver/Src/stm32l4xx_hal_i2c.c.obj
                0x08001c80                HAL_I2C_Init
 *fill*         0x08001db6        0x2 
 .text.HAL_I2C_Mem_Write
                0x08001db8      0x228 CMakeFiles/Project.dir/Drivers/STM32L4xx_HAL_Driver/Src/stm32l4xx_hal_i2c.c.obj
                0x08001db8                HAL_I2C_Mem_Write
 .text.I2C_RequestMemoryWrite
                0x08001fe0       0xa8 CMakeFiles/Project.dir/Drivers/STM32L4xx_HAL_Driver/Src/stm32l4xx_hal_i2c.c.obj
 .text.I2C_Flush_TXDR
                0x08002088       0x48 CMakeFiles/Project.dir/Drivers/STM32L4xx_HAL_Driver/Src/stm32l4xx_hal_i2c.c.obj
 .text.I2C_WaitOnFlagUntilTimeout
                0x080020d0       0xb2 CMakeFiles/Project.dir/Drivers/STM32L4xx_HAL_Driver/Src/stm32l4xx_hal_i2c.c.obj
 .text.I2C_WaitOnTXISFlagUntilTimeout
                0x08002182       0x8e CMakeFiles/Project.dir/Drivers/STM32L4xx_HAL_Driver/Src/stm32l4xx_hal_i2c.c.obj
 .text.I2C_WaitOnSTOPFlagUntilTimeout
                0x08002210       0x86 CMakeFiles/Project.dir/Drivers/STM32L4xx_HAL_Driver/Src/stm32l4xx_hal_i2c.c.obj
 *fill*         0x08002296        0x2 
 .text.I2C_IsErrorOccurred
                0x08002298      0x1c0 CMakeFiles/Project.dir/Drivers/STM32L4xx_HAL_Driver/Src/stm32l4xx_hal_i2c.c.obj
 .text.I2C_TransferConfig
                0x08002458       0x64 CMakeFiles/Project.dir/Drivers/STM32L4xx_HAL_Driver/Src/stm32l4xx_hal_i2c.c.obj
 .text.HAL_I2CEx_ConfigAnalogFilter
                0x080024bc       0x96 CMakeFiles/Project.dir/Drivers/STM32L4xx_HAL_Driver/Src/stm32l4xx_hal_i2c_ex.c.obj
                0x080024bc                HAL_I2CEx_ConfigAnalogFilter
 .text.HAL_I2CEx_ConfigDigitalFilter
                0x08002552       0x98 CMakeFiles/Project.dir/Drivers/STM32L4xx_HAL_Driver/Src/stm32l4xx_hal_i2c_ex.c.obj
                0x08002552                HAL_I2CEx_ConfigDigitalFilter
 *fill*         0x080025ea        0x2 
 .text.HAL_Init
                0x080025ec       0x40 CMakeFiles/Project.dir/Drivers/STM32L4xx_HAL_Driver/Src/stm32l4xx_hal.c.obj
                0x080025ec                HAL_Init
 .text.HAL_InitTick
                0x0800262c       0x78 CMakeFiles/Project.dir/Drivers/STM32L4xx_HAL_Driver/Src/stm32l4xx_hal.c.obj
                0x0800262c                HAL_InitTick
 .text.HAL_IncTick
                0x080026a4       0x28 CMakeFiles/Project.dir/Drivers/STM32L4xx_HAL_Driver/Src/stm32l4xx_hal.c.obj
                0x080026a4                HAL_IncTick
 .text.HAL_GetTick
                0x080026cc       0x18 CMakeFiles/Project.dir/Drivers/STM32L4xx_HAL_Driver/Src/stm32l4xx_hal.c.obj
                0x080026cc                HAL_GetTick
 .text.HAL_Delay
                0x080026e4       0x48 CMakeFiles/Project.dir/Drivers/STM32L4xx_HAL_Driver/Src/stm32l4xx_hal.c.obj
                0x080026e4                HAL_Delay
 .text.HAL_RCC_OscConfig
                0x0800272c      0x7b8 CMakeFiles/Project.dir/Drivers/STM32L4xx_HAL_Driver/Src/stm32l4xx_hal_rcc.c.obj
                0x0800272c                HAL_RCC_OscConfig
 .text.HAL_RCC_ClockConfig
                0x08002ee4      0x200 CMakeFiles/Project.dir/Drivers/STM32L4xx_HAL_Driver/Src/stm32l4xx_hal_rcc.c.obj
                0x08002ee4                HAL_RCC_ClockConfig
 .text.HAL_RCC_GetSysClockFreq
                0x080030e4      0x118 CMakeFiles/Project.dir/Drivers/STM32L4xx_HAL_Driver/Src/stm32l4xx_hal_rcc.c.obj
                0x080030e4                HAL_RCC_GetSysClockFreq
 .text.HAL_RCC_GetHCLKFreq
                0x080031fc       0x18 CMakeFiles/Project.dir/Drivers/STM32L4xx_HAL_Driver/Src/stm32l4xx_hal_rcc.c.obj
                0x080031fc                HAL_RCC_GetHCLKFreq
 .text.HAL_RCC_GetPCLK1Freq
                0x08003214       0x2c CMakeFiles/Project.dir/Drivers/STM32L4xx_HAL_Driver/Src/stm32l4xx_hal_rcc.c.obj
                0x08003214                HAL_RCC_GetPCLK1Freq
 .text.HAL_RCC_GetPCLK2Freq
                0x08003240       0x2c CMakeFiles/Project.dir/Drivers/STM32L4xx_HAL_Driver/Src/stm32l4xx_hal_rcc.c.obj
                0x08003240                HAL_RCC_GetPCLK2Freq
 .text.RCC_SetFlashLatencyFromMSIRange
                0x0800326c       0xc0 CMakeFiles/Project.dir/Drivers/STM32L4xx_HAL_Driver/Src/stm32l4xx_hal_rcc.c.obj
 .text.HAL_RCCEx_PeriphCLKConfig
                0x0800332c      0x5d4 CMakeFiles/Project.dir/Drivers/STM32L4xx_HAL_Driver/Src/stm32l4xx_hal_rcc_ex.c.obj
                0x0800332c                HAL_RCCEx_PeriphCLKConfig
 .text.RCCEx_PLLSAI1_Config
                0x08003900      0x1e8 CMakeFiles/Project.dir/Drivers/STM32L4xx_HAL_Driver/Src/stm32l4xx_hal_rcc_ex.c.obj
 .text.RCCEx_PLLSAI2_Config
                0x08003ae8      0x1bc CMakeFiles/Project.dir/Drivers/STM32L4xx_HAL_Driver/Src/stm32l4xx_hal_rcc_ex.c.obj
 .text.HAL_GPIO_Init
                0x08003ca4      0x354 CMakeFiles/Project.dir/Drivers/STM32L4xx_HAL_Driver/Src/stm32l4xx_hal_gpio.c.obj
                0x08003ca4                HAL_GPIO_Init
 .text.HAL_GPIO_ReadPin
                0x08003ff8       0x30 CMakeFiles/Project.dir/Drivers/STM32L4xx_HAL_Driver/Src/stm32l4xx_hal_gpio.c.obj
                0x08003ff8                HAL_GPIO_ReadPin
 .text.HAL_GPIO_WritePin
                0x08004028       0x30 CMakeFiles/Project.dir/Drivers/STM32L4xx_HAL_Driver/Src/stm32l4xx_hal_gpio.c.obj
                0x08004028                HAL_GPIO_WritePin
 .text.HAL_GPIO_EXTI_IRQHandler
                0x08004058       0x30 CMakeFiles/Project.dir/Drivers/STM32L4xx_HAL_Driver/Src/stm32l4xx_hal_gpio.c.obj
                0x08004058                HAL_GPIO_EXTI_IRQHandler
 .text.HAL_DMA_Abort
                0x08004088       0x7c CMakeFiles/Project.dir/Drivers/STM32L4xx_HAL_Driver/Src/stm32l4xx_hal_dma.c.obj
                0x08004088                HAL_DMA_Abort
 .text.HAL_DMA_Abort_IT
                0x08004104       0x82 CMakeFiles/Project.dir/Drivers/STM32L4xx_HAL_Driver/Src/stm32l4xx_hal_dma.c.obj
                0x08004104                HAL_DMA_Abort_IT
 *fill*         0x08004186        0x2 
 .text.HAL_PWREx_GetVoltageRange
                0x08004188       0x1c CMakeFiles/Project.dir/Drivers/STM32L4xx_HAL_Driver/Src/stm32l4xx_hal_pwr_ex.c.obj
                0x08004188                HAL_PWREx_GetVoltageRange
 .text.HAL_PWREx_ControlVoltageScaling
                0x080041a4       0xac CMakeFiles/Project.dir/Drivers/STM32L4xx_HAL_Driver/Src/stm32l4xx_hal_pwr_ex.c.obj
                0x080041a4                HAL_PWREx_ControlVoltageScaling
 .text.__NVIC_SetPriorityGrouping
                0x08004250       0x48 CMakeFiles/Project.dir/Drivers/STM32L4xx_HAL_Driver/Src/stm32l4xx_hal_cortex.c.obj
 .text.__NVIC_GetPriorityGrouping
                0x08004298       0x1c CMakeFiles/Project.dir/Drivers/STM32L4xx_HAL_Driver/Src/stm32l4xx_hal_cortex.c.obj
 .text.__NVIC_EnableIRQ
                0x080042b4       0x3c CMakeFiles/Project.dir/Drivers/STM32L4xx_HAL_Driver/Src/stm32l4xx_hal_cortex.c.obj
 .text.__NVIC_SetPriority
                0x080042f0       0x54 CMakeFiles/Project.dir/Drivers/STM32L4xx_HAL_Driver/Src/stm32l4xx_hal_cortex.c.obj
 .text.NVIC_EncodePriority
                0x08004344       0x66 CMakeFiles/Project.dir/Drivers/STM32L4xx_HAL_Driver/Src/stm32l4xx_hal_cortex.c.obj
 *fill*         0x080043aa        0x2 
 .text.SysTick_Config
                0x080043ac       0x44 CMakeFiles/Project.dir/Drivers/STM32L4xx_HAL_Driver/Src/stm32l4xx_hal_cortex.c.obj
 .text.HAL_NVIC_SetPriorityGrouping
                0x080043f0       0x16 CMakeFiles/Project.dir/Drivers/STM32L4xx_HAL_Driver/Src/stm32l4xx_hal_cortex.c.obj
                0x080043f0                HAL_NVIC_SetPriorityGrouping
 .text.HAL_NVIC_SetPriority
                0x08004406       0x38 CMakeFiles/Project.dir/Drivers/STM32L4xx_HAL_Driver/Src/stm32l4xx_hal_cortex.c.obj
                0x08004406                HAL_NVIC_SetPriority
 .text.HAL_NVIC_EnableIRQ
                0x0800443e       0x1c CMakeFiles/Project.dir/Drivers/STM32L4xx_HAL_Driver/Src/stm32l4xx_hal_cortex.c.obj
                0x0800443e                HAL_NVIC_EnableIRQ
 .text.HAL_SYSTICK_Config
                0x0800445a       0x18 CMakeFiles/Project.dir/Drivers/STM32L4xx_HAL_Driver/Src/stm32l4xx_hal_cortex.c.obj
                0x0800445a                HAL_SYSTICK_Config
 .text.HAL_UART_Init
                0x08004472       0x9c CMakeFiles/Project.dir/Drivers/STM32L4xx_HAL_Driver/Src/stm32l4xx_hal_uart.c.obj
                0x08004472                HAL_UART_Init
 .text.HAL_UART_Transmit
                0x0800450e      0x112 CMakeFiles/Project.dir/Drivers/STM32L4xx_HAL_Driver/Src/stm32l4xx_hal_uart.c.obj
                0x0800450e                HAL_UART_Transmit
 .text.HAL_UART_Receive_IT
                0x08004620       0x98 CMakeFiles/Project.dir/Drivers/STM32L4xx_HAL_Driver/Src/stm32l4xx_hal_uart.c.obj
                0x08004620                HAL_UART_Receive_IT
 .text.HAL_UART_IRQHandler
                0x080046b8      0x60c CMakeFiles/Project.dir/Drivers/STM32L4xx_HAL_Driver/Src/stm32l4xx_hal_uart.c.obj
                0x080046b8                HAL_UART_IRQHandler
 .text.HAL_UART_TxCpltCallback
                0x08004cc4       0x14 CMakeFiles/Project.dir/Drivers/STM32L4xx_HAL_Driver/Src/stm32l4xx_hal_uart.c.obj
                0x08004cc4                HAL_UART_TxCpltCallback
 .text.HAL_UART_ErrorCallback
                0x08004cd8       0x14 CMakeFiles/Project.dir/Drivers/STM32L4xx_HAL_Driver/Src/stm32l4xx_hal_uart.c.obj
                0x08004cd8                HAL_UART_ErrorCallback
 .text.HAL_UARTEx_RxEventCallback
                0x08004cec       0x18 CMakeFiles/Project.dir/Drivers/STM32L4xx_HAL_Driver/Src/stm32l4xx_hal_uart.c.obj
                0x08004cec                HAL_UARTEx_RxEventCallback
 .text.UART_SetConfig
                0x08004d04      0x570 CMakeFiles/Project.dir/Drivers/STM32L4xx_HAL_Driver/Src/stm32l4xx_hal_uart.c.obj
                0x08004d04                UART_SetConfig
 .text.UART_AdvFeatureConfig
                0x08005274      0x144 CMakeFiles/Project.dir/Drivers/STM32L4xx_HAL_Driver/Src/stm32l4xx_hal_uart.c.obj
                0x08005274                UART_AdvFeatureConfig
 .text.UART_CheckIdleState
                0x080053b8      0x150 CMakeFiles/Project.dir/Drivers/STM32L4xx_HAL_Driver/Src/stm32l4xx_hal_uart.c.obj
                0x080053b8                UART_CheckIdleState
 .text.UART_WaitOnFlagUntilTimeout
                0x08005508       0xda CMakeFiles/Project.dir/Drivers/STM32L4xx_HAL_Driver/Src/stm32l4xx_hal_uart.c.obj
                0x08005508                UART_WaitOnFlagUntilTimeout
 *fill*         0x080055e2        0x2 
 .text.UART_Start_Receive_IT
                0x080055e4      0x18c CMakeFiles/Project.dir/Drivers/STM32L4xx_HAL_Driver/Src/stm32l4xx_hal_uart.c.obj
                0x080055e4                UART_Start_Receive_IT
 .text.UART_EndRxTransfer
                0x08005770       0xc8 CMakeFiles/Project.dir/Drivers/STM32L4xx_HAL_Driver/Src/stm32l4xx_hal_uart.c.obj
 .text.UART_DMAAbortOnError
                0x08005838       0x2c CMakeFiles/Project.dir/Drivers/STM32L4xx_HAL_Driver/Src/stm32l4xx_hal_uart.c.obj
 .text.UART_EndTransmit_IT
                0x08005864       0x54 CMakeFiles/Project.dir/Drivers/STM32L4xx_HAL_Driver/Src/stm32l4xx_hal_uart.c.obj
 .text.UART_RxISR_8BIT
                0x080058b8      0x1bc CMakeFiles/Project.dir/Drivers/STM32L4xx_HAL_Driver/Src/stm32l4xx_hal_uart.c.obj
 .text.UART_RxISR_16BIT
                0x08005a74      0x1bc CMakeFiles/Project.dir/Drivers/STM32L4xx_HAL_Driver/Src/stm32l4xx_hal_uart.c.obj
 .text.HAL_UARTEx_WakeupCallback
                0x08005c30       0x14 CMakeFiles/Project.dir/Drivers/STM32L4xx_HAL_Driver/Src/stm32l4xx_hal_uart_ex.c.obj
                0x08005c30                HAL_UARTEx_WakeupCallback
 .text.Reset_Handler
                0x08005c44       0x50 CMakeFiles/Project.dir/startup_stm32l476xx.s.obj
                0x08005c44                Reset_Handler
 .text.Default_Handler
                0x08005c94        0x2 CMakeFiles/Project.dir/startup_stm32l476xx.s.obj
                0x08005c94                RTC_Alarm_IRQHandler
                0x08005c94                EXTI2_IRQHandler
                0x08005c94                TIM8_TRG_COM_IRQHandler
                0x08005c94                TIM8_CC_IRQHandler
                0x08005c94                TIM1_CC_IRQHandler
                0x08005c94                TSC_IRQHandler
                0x08005c94                TAMP_STAMP_IRQHandler
                0x08005c94                EXTI3_IRQHandler
                0x08005c94                LPTIM2_IRQHandler
                0x08005c94                DFSDM1_FLT1_IRQHandler
                0x08005c94                I2C3_ER_IRQHandler
                0x08005c94                DFSDM1_FLT2_IRQHandler
                0x08005c94                I2C2_EV_IRQHandler
                0x08005c94                CAN1_RX0_IRQHandler
                0x08005c94                FPU_IRQHandler
                0x08005c94                TIM1_UP_TIM16_IRQHandler
                0x08005c94                ADC1_2_IRQHandler
                0x08005c94                SPI1_IRQHandler
                0x08005c94                TIM6_DAC_IRQHandler
                0x08005c94                TIM8_UP_IRQHandler
                0x08005c94                DMA2_Channel2_IRQHandler
                0x08005c94                DMA1_Channel4_IRQHandler
                0x08005c94                SAI2_IRQHandler
                0x08005c94                DFSDM1_FLT3_IRQHandler
                0x08005c94                DMA1_Channel7_IRQHandler
                0x08005c94                CAN1_RX1_IRQHandler
                0x08005c94                LCD_IRQHandler
                0x08005c94                UART5_IRQHandler
                0x08005c94                ADC3_IRQHandler
                0x08005c94                TIM4_IRQHandler
                0x08005c94                DMA2_Channel1_IRQHandler
                0x08005c94                QUADSPI_IRQHandler
                0x08005c94                I2C1_EV_IRQHandler
                0x08005c94                DMA1_Channel6_IRQHandler
                0x08005c94                UART4_IRQHandler
                0x08005c94                DMA2_Channel4_IRQHandler
                0x08005c94                TIM3_IRQHandler
                0x08005c94                RCC_IRQHandler
                0x08005c94                DMA1_Channel1_IRQHandler
                0x08005c94                Default_Handler
                0x08005c94                DMA2_Channel7_IRQHandler
                0x08005c94                TIM7_IRQHandler
                0x08005c94                SDMMC1_IRQHandler
                0x08005c94                TIM5_IRQHandler
                0x08005c94                I2C3_EV_IRQHandler
                0x08005c94                RTC_WKUP_IRQHandler
                0x08005c94                PVD_PVM_IRQHandler
                0x08005c94                SPI2_IRQHandler
                0x08005c94                CAN1_TX_IRQHandler
                0x08005c94                DMA2_Channel5_IRQHandler
                0x08005c94                DMA1_Channel5_IRQHandler
                0x08005c94                EXTI4_IRQHandler
                0x08005c94                RNG_IRQHandler
                0x08005c94                TIM1_TRG_COM_TIM17_IRQHandler
                0x08005c94                DMA1_Channel3_IRQHandler
                0x08005c94                COMP_IRQHandler
                0x08005c94                WWDG_IRQHandler
                0x08005c94                LPUART1_IRQHandler
                0x08005c94                DMA2_Channel6_IRQHandler
                0x08005c94                TIM2_IRQHandler
                0x08005c94                EXTI1_IRQHandler
                0x08005c94                DFSDM1_FLT0_IRQHandler
                0x08005c94                I2C2_ER_IRQHandler
                0x08005c94                DMA1_Channel2_IRQHandler
                0x08005c94                TIM8_BRK_IRQHandler
                0x08005c94                CAN1_SCE_IRQHandler
                0x08005c94                FLASH_IRQHandler
                0x08005c94                USART1_IRQHandler
                0x08005c94                OTG_FS_IRQHandler
                0x08005c94                SPI3_IRQHandler
                0x08005c94                I2C1_ER_IRQHandler
                0x08005c94                FMC_IRQHandler
                0x08005c94                SWPMI1_IRQHandler
                0x08005c94                LPTIM1_IRQHandler
                0x08005c94                SAI1_IRQHandler
                0x08005c94                DMA2_Channel3_IRQHandler
                0x08005c94                TIM1_BRK_TIM15_IRQHandler
 .text.memcmp   0x08005c96       0x20 C:/ST/STM32CubeCLT_1.17.0/GNU-tools-for-STM32/bin/../lib/gcc/arm-none-eabi/12.3.1/../../../../arm-none-eabi/lib/thumb/v7e-m+fp/hard\libg_nano.a(libc_a-memcmp.o)
                0x08005c96                memcmp
 *(.glue_7)
 .glue_7        0x08005cb6        0x0 linker stubs
 *(.glue_7t)
 .glue_7t       0x08005cb6        0x0 linker stubs
 *(.eh_frame)
 *fill*         0x08005cb6        0x2 
 .eh_frame      0x08005cb8        0x0 C:/ST/STM32CubeCLT_1.17.0/GNU-tools-for-STM32/bin/../lib/gcc/arm-none-eabi/12.3.1/thumb/v7e-m+fp/hard/crtbegin.o
 *(.init)
 .init          0x08005cb8        0x4 C:/ST/STM32CubeCLT_1.17.0/GNU-tools-for-STM32/bin/../lib/gcc/arm-none-eabi/12.3.1/thumb/v7e-m+fp/hard/crti.o
                0x08005cb8                _init
 .init          0x08005cbc        0x8 C:/ST/STM32CubeCLT_1.17.0/GNU-tools-for-STM32/bin/../lib/gcc/arm-none-eabi/12.3.1/thumb/v7e-m+fp/hard/crtn.o
 *(.fini)
 .fini          0x08005cc4        0x4 C:/ST/STM32CubeCLT_1.17.0/GNU-tools-for-STM32/bin/../lib/gcc/arm-none-eabi/12.3.1/thumb/v7e-m+fp/hard/crti.o
                0x08005cc4                _fini
 .fini          0x08005cc8        0x8 C:/ST/STM32CubeCLT_1.17.0/GNU-tools-for-STM32/bin/../lib/gcc/arm-none-eabi/12.3.1/thumb/v7e-m+fp/hard/crtn.o
                0x08005cd0                        . = ALIGN (0x8)
                0x08005cd0                        _etext = .

.vfp11_veneer   0x08005cd0        0x0
 .vfp11_veneer  0x08005cd0        0x0 linker stubs

.v4_bx          0x08005cd0        0x0
 .v4_bx         0x08005cd0        0x0 linker stubs

.iplt           0x08005cd0        0x0
 .iplt          0x08005cd0        0x0 C:/ST/STM32CubeCLT_1.17.0/GNU-tools-for-STM32/bin/../lib/gcc/arm-none-eabi/12.3.1/thumb/v7e-m+fp/hard/crtbegin.o

.rodata         0x08005cd0     0x1928
                0x08005cd0                        . = ALIGN (0x8)
 *(.rodata)
 .rodata        0x08005cd0      0x34b CMakeFiles/Project.dir/Core/Src/main.c.obj
 *(.rodata*)
 *fill*         0x0800601b        0x1 
 .rodata.keypad_map
                0x0800601c       0x10 CMakeFiles/Project.dir/Drivers/External/keypad/keypad.c.obj
                0x0800601c                keypad_map
 .rodata.Font7x10
                0x0800602c      0x76c CMakeFiles/Project.dir/Drivers/External/ssd1306/ssd1306_fonts.c.obj
 .rodata.Font6x8
                0x08006798      0x5f0 CMakeFiles/Project.dir/Drivers/External/ssd1306/ssd1306_fonts.c.obj
 .rodata.Font_6x8
                0x08006d88        0xc CMakeFiles/Project.dir/Drivers/External/ssd1306/ssd1306_fonts.c.obj
                0x08006d88                Font_6x8
 .rodata.Font_7x10
                0x08006d94        0xc CMakeFiles/Project.dir/Drivers/External/ssd1306/ssd1306_fonts.c.obj
                0x08006d94                Font_7x10
 .rodata.unlocked_image_data
                0x08006da0      0x400 CMakeFiles/Project.dir/Core/Src/main.c.obj
                0x08006da0                unlocked_image_data
 .rodata.locked_image_data
                0x080071a0      0x400 CMakeFiles/Project.dir/Core/Src/main.c.obj
                0x080071a0                locked_image_data
 .rodata.CMD_OPEN
                0x080075a0        0x4 CMakeFiles/Project.dir/Core/Src/main.c.obj
                0x080075a0                CMD_OPEN
 .rodata.CMD_CLOSE
                0x080075a4        0x4 CMakeFiles/Project.dir/Core/Src/main.c.obj
                0x080075a4                CMD_CLOSE
 .rodata.CMD_STATUS
                0x080075a8        0x4 CMakeFiles/Project.dir/Core/Src/main.c.obj
                0x080075a8                CMD_STATUS
 .rodata.AHBPrescTable
                0x080075ac       0x10 CMakeFiles/Project.dir/Core/Src/system_stm32l4xx.c.obj
                0x080075ac                AHBPrescTable
 .rodata.APBPrescTable
                0x080075bc        0x8 CMakeFiles/Project.dir/Core/Src/system_stm32l4xx.c.obj
                0x080075bc                APBPrescTable
 .rodata.MSIRangeTable
                0x080075c4       0x30 CMakeFiles/Project.dir/Core/Src/system_stm32l4xx.c.obj
                0x080075c4                MSIRangeTable
                0x080075f8                        . = ALIGN (0x8)
 *fill*         0x080075f4        0x4 

.ARM.extab      0x080075f8        0x0
                0x080075f8                        . = ALIGN (0x8)
 *(.ARM.extab* .gnu.linkonce.armextab.*)
                0x080075f8                        . = ALIGN (0x8)

.ARM            0x080075f8        0x8
                0x080075f8                        . = ALIGN (0x8)
                0x080075f8                        __exidx_start = .
 *(.ARM.exidx*)
 .ARM.exidx     0x080075f8        0x8 C:/ST/STM32CubeCLT_1.17.0/GNU-tools-for-STM32/bin/../lib/gcc/arm-none-eabi/12.3.1/thumb/v7e-m+fp/hard\libgcc.a(_udivmoddi4.o)
 .ARM.exidx     0x08007600        0x0 C:/ST/STM32CubeCLT_1.17.0/GNU-tools-for-STM32/bin/../lib/gcc/arm-none-eabi/12.3.1/../../../../arm-none-eabi/lib/thumb/v7e-m+fp/hard\libg_nano.a(libc_a-strcmp.o)
                                  0x8 (size before relaxing)
 .ARM.exidx     0x08007600        0x0 C:/ST/STM32CubeCLT_1.17.0/GNU-tools-for-STM32/bin/../lib/gcc/arm-none-eabi/12.3.1/../../../../arm-none-eabi/lib/thumb/v7e-m+fp/hard\libg_nano.a(libc_a-strlen.o)
                                  0x8 (size before relaxing)
                0x08007600                        __exidx_end = .
                0x08007600                        . = ALIGN (0x8)

.rel.dyn        0x08007600        0x0
 .rel.iplt      0x08007600        0x0 C:/ST/STM32CubeCLT_1.17.0/GNU-tools-for-STM32/bin/../lib/gcc/arm-none-eabi/12.3.1/thumb/v7e-m+fp/hard/crtbegin.o

.preinit_array  0x08007600        0x0
                0x08007600                        . = ALIGN (0x8)
                0x08007600                        PROVIDE (__preinit_array_start = .)
 *(.preinit_array*)
                0x08007600                        PROVIDE (__preinit_array_end = .)
                0x08007600                        . = ALIGN (0x8)

.init_array     0x08007600        0x8
                0x08007600                        . = ALIGN (0x8)
                0x08007600                        PROVIDE (__init_array_start = .)
 *(SORT_BY_NAME(.init_array.*))
 *(.init_array*)
 .init_array    0x08007600        0x4 C:/ST/STM32CubeCLT_1.17.0/GNU-tools-for-STM32/bin/../lib/gcc/arm-none-eabi/12.3.1/thumb/v7e-m+fp/hard/crtbegin.o
                0x08007604                        PROVIDE (__init_array_end = .)
                0x08007608                        . = ALIGN (0x8)
 *fill*         0x08007604        0x4 

.fini_array     0x08007608        0x8
                0x08007608                        . = ALIGN (0x8)
                [!provide]                        PROVIDE (__fini_array_start = .)
 *(SORT_BY_NAME(.fini_array.*))
 *(.fini_array*)
 .fini_array    0x08007608        0x4 C:/ST/STM32CubeCLT_1.17.0/GNU-tools-for-STM32/bin/../lib/gcc/arm-none-eabi/12.3.1/thumb/v7e-m+fp/hard/crtbegin.o
                [!provide]                        PROVIDE (__fini_array_end = .)
                0x08007610                        . = ALIGN (0x8)
 *fill*         0x0800760c        0x4 
                0x08007610                        _sidata = LOADADDR (.data)

.data           0x20000000       0x10 load address 0x08007610
                0x20000000                        . = ALIGN (0x8)
                0x20000000                        _sdata = .
 *(.data)
 *(.data*)
 .data.SystemCoreClock
                0x20000000        0x4 CMakeFiles/Project.dir/Core/Src/system_stm32l4xx.c.obj
                0x20000000                SystemCoreClock
 .data.uwTickPrio
                0x20000004        0x4 CMakeFiles/Project.dir/Drivers/STM32L4xx_HAL_Driver/Src/stm32l4xx_hal.c.obj
                0x20000004                uwTickPrio
 .data.uwTickFreq
                0x20000008        0x1 CMakeFiles/Project.dir/Drivers/STM32L4xx_HAL_Driver/Src/stm32l4xx_hal.c.obj
                0x20000008                uwTickFreq
                0x20000010                        . = ALIGN (0x8)
 *fill*         0x20000009        0x7 
                0x20000010                        _edata = .

.igot.plt       0x20000010        0x0 load address 0x08007620
 .igot.plt      0x20000010        0x0 C:/ST/STM32CubeCLT_1.17.0/GNU-tools-for-STM32/bin/../lib/gcc/arm-none-eabi/12.3.1/thumb/v7e-m+fp/hard/crtbegin.o
                0x20000010                        . = ALIGN (0x4)

.bss            0x20000010      0x764 load address 0x08007620
                0x20000010                        _sbss = .
                0x20000010                        __bss_start__ = _sbss
 *(.bss)
 .bss           0x20000010       0x1c C:/ST/STM32CubeCLT_1.17.0/GNU-tools-for-STM32/bin/../lib/gcc/arm-none-eabi/12.3.1/thumb/v7e-m+fp/hard/crtbegin.o
 *(.bss*)
 .bss.SSD1306_Buffer
                0x2000002c      0x400 CMakeFiles/Project.dir/Drivers/External/ssd1306/ssd1306.c.obj
 .bss.SSD1306   0x2000042c        0x6 CMakeFiles/Project.dir/Drivers/External/ssd1306/ssd1306.c.obj
 *fill*         0x20000432        0x2 
 .bss.pc_rx_buffer
                0x20000434        0xc CMakeFiles/Project.dir/Core/Src/main.c.obj
                0x20000434                pc_rx_buffer
 .bss.pc_rx_buffer_mem
                0x20000440       0x80 CMakeFiles/Project.dir/Core/Src/main.c.obj
                0x20000440                pc_rx_buffer_mem
 .bss.keypad_rx_buffer
                0x200004c0        0xc CMakeFiles/Project.dir/Core/Src/main.c.obj
                0x200004c0                keypad_rx_buffer
 .bss.keypad_rx_buffer_mem
                0x200004cc       0x80 CMakeFiles/Project.dir/Core/Src/main.c.obj
                0x200004cc                keypad_rx_buffer_mem
 .bss.internet_rx_buffer
                0x2000054c        0xc CMakeFiles/Project.dir/Core/Src/main.c.obj
                0x2000054c                internet_rx_buffer
 .bss.internet_rx_buffer_mem
                0x20000558       0x80 CMakeFiles/Project.dir/Core/Src/main.c.obj
                0x20000558                internet_rx_buffer_mem
 .bss.rx_byte   0x200005d8        0x1 CMakeFiles/Project.dir/Core/Src/main.c.obj
                0x200005d8                rx_byte
 *fill*         0x200005d9        0x3 
 .bss.key_pressed_tick
                0x200005dc        0x4 CMakeFiles/Project.dir/Core/Src/main.c.obj
                0x200005dc                key_pressed_tick
 .bss.column_pressed
                0x200005e0        0x2 CMakeFiles/Project.dir/Core/Src/main.c.obj
                0x200005e0                column_pressed
 *fill*         0x200005e2        0x2 
 .bss.debounce_tick
                0x200005e4        0x4 CMakeFiles/Project.dir/Core/Src/main.c.obj
                0x200005e4                debounce_tick
 .bss.current_cmd
                0x200005e8        0x4 CMakeFiles/Project.dir/Core/Src/main.c.obj
                0x200005e8                current_cmd
 .bss.password_attempts
                0x200005ec        0x1 CMakeFiles/Project.dir/Core/Src/main.c.obj
                0x200005ec                password_attempts
 .bss.is_authenticated
                0x200005ed        0x1 CMakeFiles/Project.dir/Core/Src/main.c.obj
                0x200005ed                is_authenticated
 .bss.button_press_count
                0x200005ee        0x1 CMakeFiles/Project.dir/Core/Src/main.c.obj
                0x200005ee                button_press_count
 .bss.button_press_ring
                0x200005ef        0x1 CMakeFiles/Project.dir/Core/Src/main.c.obj
                0x200005ef                button_press_ring
 .bss.button_last_press_time
                0x200005f0        0x4 CMakeFiles/Project.dir/Core/Src/main.c.obj
                0x200005f0                button_last_press_time
 .bss.button_last_press_RING
                0x200005f4        0x4 CMakeFiles/Project.dir/Core/Src/main.c.obj
                0x200005f4                button_last_press_RING
 .bss.door_state
                0x200005f8        0x1 CMakeFiles/Project.dir/Core/Src/main.c.obj
                0x200005f8                door_state
 *fill*         0x200005f9        0x3 
 .bss.door_open_time
                0x200005fc        0x4 CMakeFiles/Project.dir/Core/Src/main.c.obj
                0x200005fc                door_open_time
 .bss.system_active_time
                0x20000600        0x4 CMakeFiles/Project.dir/Core/Src/main.c.obj
                0x20000600                system_active_time
 .bss.last_press_time.2
                0x20000604        0x4 CMakeFiles/Project.dir/Core/Src/main.c.obj
 .bss.last_key_time.1
                0x20000608        0x4 CMakeFiles/Project.dir/Core/Src/main.c.obj
 .bss.hi2c1     0x2000060c       0x54 CMakeFiles/Project.dir/Core/Src/i2c.c.obj
                0x2000060c                hi2c1
 .bss.huart2    0x20000660       0x88 CMakeFiles/Project.dir/Core/Src/usart.c.obj
                0x20000660                huart2
 .bss.huart3    0x200006e8       0x88 CMakeFiles/Project.dir/Core/Src/usart.c.obj
                0x200006e8                huart3
 .bss.uwTick    0x20000770        0x4 CMakeFiles/Project.dir/Drivers/STM32L4xx_HAL_Driver/Src/stm32l4xx_hal.c.obj
                0x20000770                uwTick
 *(COMMON)
                0x20000774                        . = ALIGN (0x4)
                0x20000774                        _ebss = .
                0x20000774                        __bss_end__ = _ebss

._user_heap_stack
                0x20000774      0x604 load address 0x08007620
                0x20000778                        . = ALIGN (0x8)
 *fill*         0x20000774        0x4 
                [!provide]                        PROVIDE (end = .)
                0x20000778                        PROVIDE (_end = .)
                0x20000978                        . = (. + _Min_Heap_Size)
 *fill*         0x20000778      0x200 
                0x20000d78                        . = (. + _Min_Stack_Size)
 *fill*         0x20000978      0x400 
                0x20000d78                        . = ALIGN (0x8)

/DISCARD/
 libc.a(*)
 libm.a(*)
 libgcc.a(*)
OUTPUT(Project.elf elf32-littlearm)
LOAD linker stubs
LOAD C:/ST/STM32CubeCLT_1.17.0/GNU-tools-for-STM32/bin/../lib/gcc/arm-none-eabi/12.3.1/../../../../arm-none-eabi/lib/thumb/v7e-m+fp/hard\libc.a
LOAD C:/ST/STM32CubeCLT_1.17.0/GNU-tools-for-STM32/bin/../lib/gcc/arm-none-eabi/12.3.1/../../../../arm-none-eabi/lib/thumb/v7e-m+fp/hard\libm.a
LOAD C:/ST/STM32CubeCLT_1.17.0/GNU-tools-for-STM32/bin/../lib/gcc/arm-none-eabi/12.3.1/thumb/v7e-m+fp/hard\libgcc.a

.ARM.attributes
                0x00000000       0x30
 .ARM.attributes
                0x00000000       0x22 C:/ST/STM32CubeCLT_1.17.0/GNU-tools-for-STM32/bin/../lib/gcc/arm-none-eabi/12.3.1/thumb/v7e-m+fp/hard/crti.o
 .ARM.attributes
                0x00000022       0x34 C:/ST/STM32CubeCLT_1.17.0/GNU-tools-for-STM32/bin/../lib/gcc/arm-none-eabi/12.3.1/thumb/v7e-m+fp/hard/crtbegin.o
 .ARM.attributes
                0x00000056       0x34 C:/ST/STM32CubeCLT_1.17.0/GNU-tools-for-STM32/bin/../lib/gcc/arm-none-eabi/12.3.1/../../../../arm-none-eabi/lib/thumb/v7e-m+fp/hard\libc_nano.a(libc_a-memset.o)
 .ARM.attributes
                0x0000008a       0x34 C:/ST/STM32CubeCLT_1.17.0/GNU-tools-for-STM32/bin/../lib/gcc/arm-none-eabi/12.3.1/../../../../arm-none-eabi/lib/thumb/v7e-m+fp/hard\libc_nano.a(libc_a-init.o)
 .ARM.attributes
                0x000000be       0x34 CMakeFiles/Project.dir/Drivers/External/keypad/keypad.c.obj
 .ARM.attributes
                0x000000f2       0x34 CMakeFiles/Project.dir/Drivers/External/ssd1306/ssd1306.c.obj
 .ARM.attributes
                0x00000126       0x34 CMakeFiles/Project.dir/Drivers/External/ssd1306/ssd1306_fonts.c.obj
 .ARM.attributes
                0x0000015a       0x34 CMakeFiles/Project.dir/Core/Src/main.c.obj
 .ARM.attributes
                0x0000018e       0x34 CMakeFiles/Project.dir/Core/Src/gpio.c.obj
 .ARM.attributes
                0x000001c2       0x34 CMakeFiles/Project.dir/Core/Src/ring_buffer.c.obj
 .ARM.attributes
                0x000001f6       0x34 CMakeFiles/Project.dir/Core/Src/i2c.c.obj
 .ARM.attributes
                0x0000022a       0x34 CMakeFiles/Project.dir/Core/Src/usart.c.obj
 .ARM.attributes
                0x0000025e       0x34 CMakeFiles/Project.dir/Core/Src/stm32l4xx_it.c.obj
 .ARM.attributes
                0x00000292       0x34 CMakeFiles/Project.dir/Core/Src/stm32l4xx_hal_msp.c.obj
 .ARM.attributes
                0x000002c6       0x34 CMakeFiles/Project.dir/Core/Src/system_stm32l4xx.c.obj
 .ARM.attributes
                0x000002fa       0x34 CMakeFiles/Project.dir/Drivers/STM32L4xx_HAL_Driver/Src/stm32l4xx_hal_i2c.c.obj
 .ARM.attributes
                0x0000032e       0x34 CMakeFiles/Project.dir/Drivers/STM32L4xx_HAL_Driver/Src/stm32l4xx_hal_i2c_ex.c.obj
 .ARM.attributes
                0x00000362       0x34 CMakeFiles/Project.dir/Drivers/STM32L4xx_HAL_Driver/Src/stm32l4xx_hal.c.obj
 .ARM.attributes
                0x00000396       0x34 CMakeFiles/Project.dir/Drivers/STM32L4xx_HAL_Driver/Src/stm32l4xx_hal_rcc.c.obj
 .ARM.attributes
                0x000003ca       0x34 CMakeFiles/Project.dir/Drivers/STM32L4xx_HAL_Driver/Src/stm32l4xx_hal_rcc_ex.c.obj
 .ARM.attributes
                0x000003fe       0x34 CMakeFiles/Project.dir/Drivers/STM32L4xx_HAL_Driver/Src/stm32l4xx_hal_gpio.c.obj
 .ARM.attributes
                0x00000432       0x34 CMakeFiles/Project.dir/Drivers/STM32L4xx_HAL_Driver/Src/stm32l4xx_hal_dma.c.obj
 .ARM.attributes
                0x00000466       0x34 CMakeFiles/Project.dir/Drivers/STM32L4xx_HAL_Driver/Src/stm32l4xx_hal_pwr_ex.c.obj
 .ARM.attributes
                0x0000049a       0x34 CMakeFiles/Project.dir/Drivers/STM32L4xx_HAL_Driver/Src/stm32l4xx_hal_cortex.c.obj
 .ARM.attributes
                0x000004ce       0x34 CMakeFiles/Project.dir/Drivers/STM32L4xx_HAL_Driver/Src/stm32l4xx_hal_uart.c.obj
 .ARM.attributes
                0x00000502       0x34 CMakeFiles/Project.dir/Drivers/STM32L4xx_HAL_Driver/Src/stm32l4xx_hal_uart_ex.c.obj
 .ARM.attributes
                0x00000536       0x21 CMakeFiles/Project.dir/startup_stm32l476xx.s.obj
 .ARM.attributes
                0x00000557       0x22 C:/ST/STM32CubeCLT_1.17.0/GNU-tools-for-STM32/bin/../lib/gcc/arm-none-eabi/12.3.1/thumb/v7e-m+fp/hard\libgcc.a(_aeabi_uldivmod.o)
 .ARM.attributes
                0x00000579       0x34 C:/ST/STM32CubeCLT_1.17.0/GNU-tools-for-STM32/bin/../lib/gcc/arm-none-eabi/12.3.1/thumb/v7e-m+fp/hard\libgcc.a(_udivmoddi4.o)
 .ARM.attributes
                0x000005ad       0x22 C:/ST/STM32CubeCLT_1.17.0/GNU-tools-for-STM32/bin/../lib/gcc/arm-none-eabi/12.3.1/thumb/v7e-m+fp/hard\libgcc.a(_dvmd_tls.o)
 .ARM.attributes
                0x000005cf       0x34 C:/ST/STM32CubeCLT_1.17.0/GNU-tools-for-STM32/bin/../lib/gcc/arm-none-eabi/12.3.1/../../../../arm-none-eabi/lib/thumb/v7e-m+fp/hard\libg_nano.a(libc_a-memcmp.o)
 .ARM.attributes
                0x00000603       0x20 C:/ST/STM32CubeCLT_1.17.0/GNU-tools-for-STM32/bin/../lib/gcc/arm-none-eabi/12.3.1/../../../../arm-none-eabi/lib/thumb/v7e-m+fp/hard\libg_nano.a(libc_a-strcmp.o)
 .ARM.attributes
                0x00000623       0x17 C:/ST/STM32CubeCLT_1.17.0/GNU-tools-for-STM32/bin/../lib/gcc/arm-none-eabi/12.3.1/../../../../arm-none-eabi/lib/thumb/v7e-m+fp/hard\libg_nano.a(libc_a-strlen.o)
 .ARM.attributes
                0x0000063a       0x22 C:/ST/STM32CubeCLT_1.17.0/GNU-tools-for-STM32/bin/../lib/gcc/arm-none-eabi/12.3.1/thumb/v7e-m+fp/hard/crtn.o

.comment        0x00000000       0x43
 .comment       0x00000000       0x43 CMakeFiles/Project.dir/Drivers/External/keypad/keypad.c.obj
                                 0x44 (size before relaxing)
 .comment       0x00000043       0x44 CMakeFiles/Project.dir/Drivers/External/ssd1306/ssd1306.c.obj
 .comment       0x00000043       0x44 CMakeFiles/Project.dir/Drivers/External/ssd1306/ssd1306_fonts.c.obj
 .comment       0x00000043       0x44 CMakeFiles/Project.dir/Core/Src/main.c.obj
 .comment       0x00000043       0x44 CMakeFiles/Project.dir/Core/Src/gpio.c.obj
 .comment       0x00000043       0x44 CMakeFiles/Project.dir/Core/Src/ring_buffer.c.obj
 .comment       0x00000043       0x44 CMakeFiles/Project.dir/Core/Src/i2c.c.obj
 .comment       0x00000043       0x44 CMakeFiles/Project.dir/Core/Src/usart.c.obj
 .comment       0x00000043       0x44 CMakeFiles/Project.dir/Core/Src/stm32l4xx_it.c.obj
 .comment       0x00000043       0x44 CMakeFiles/Project.dir/Core/Src/stm32l4xx_hal_msp.c.obj
 .comment       0x00000043       0x44 CMakeFiles/Project.dir/Core/Src/system_stm32l4xx.c.obj
 .comment       0x00000043       0x44 CMakeFiles/Project.dir/Drivers/STM32L4xx_HAL_Driver/Src/stm32l4xx_hal_i2c.c.obj
 .comment       0x00000043       0x44 CMakeFiles/Project.dir/Drivers/STM32L4xx_HAL_Driver/Src/stm32l4xx_hal_i2c_ex.c.obj
 .comment       0x00000043       0x44 CMakeFiles/Project.dir/Drivers/STM32L4xx_HAL_Driver/Src/stm32l4xx_hal.c.obj
 .comment       0x00000043       0x44 CMakeFiles/Project.dir/Drivers/STM32L4xx_HAL_Driver/Src/stm32l4xx_hal_rcc.c.obj
 .comment       0x00000043       0x44 CMakeFiles/Project.dir/Drivers/STM32L4xx_HAL_Driver/Src/stm32l4xx_hal_rcc_ex.c.obj
 .comment       0x00000043       0x44 CMakeFiles/Project.dir/Drivers/STM32L4xx_HAL_Driver/Src/stm32l4xx_hal_gpio.c.obj
 .comment       0x00000043       0x44 CMakeFiles/Project.dir/Drivers/STM32L4xx_HAL_Driver/Src/stm32l4xx_hal_dma.c.obj
 .comment       0x00000043       0x44 CMakeFiles/Project.dir/Drivers/STM32L4xx_HAL_Driver/Src/stm32l4xx_hal_pwr_ex.c.obj
 .comment       0x00000043       0x44 CMakeFiles/Project.dir/Drivers/STM32L4xx_HAL_Driver/Src/stm32l4xx_hal_cortex.c.obj
 .comment       0x00000043       0x44 CMakeFiles/Project.dir/Drivers/STM32L4xx_HAL_Driver/Src/stm32l4xx_hal_uart.c.obj
 .comment       0x00000043       0x44 CMakeFiles/Project.dir/Drivers/STM32L4xx_HAL_Driver/Src/stm32l4xx_hal_uart_ex.c.obj
 .comment       0x00000043       0x44 C:/ST/STM32CubeCLT_1.17.0/GNU-tools-for-STM32/bin/../lib/gcc/arm-none-eabi/12.3.1/../../../../arm-none-eabi/lib/thumb/v7e-m+fp/hard\libg_nano.a(libc_a-memcmp.o)

.debug_frame    0x00000000     0x3ce0
 .debug_frame   0x00000000       0x20 C:/ST/STM32CubeCLT_1.17.0/GNU-tools-for-STM32/bin/../lib/gcc/arm-none-eabi/12.3.1/../../../../arm-none-eabi/lib/thumb/v7e-m+fp/hard\libc_nano.a(libc_a-memset.o)
 .debug_frame   0x00000020       0x2c C:/ST/STM32CubeCLT_1.17.0/GNU-tools-for-STM32/bin/../lib/gcc/arm-none-eabi/12.3.1/../../../../arm-none-eabi/lib/thumb/v7e-m+fp/hard\libc_nano.a(libc_a-init.o)
 .debug_frame   0x0000004c       0x74 CMakeFiles/Project.dir/Drivers/External/keypad/keypad.c.obj
 .debug_frame   0x000000c0      0x3e4 CMakeFiles/Project.dir/Drivers/External/ssd1306/ssd1306.c.obj
 .debug_frame   0x000004a4      0x21c CMakeFiles/Project.dir/Core/Src/main.c.obj
 .debug_frame   0x000006c0       0x34 CMakeFiles/Project.dir/Core/Src/gpio.c.obj
 .debug_frame   0x000006f4      0x17c CMakeFiles/Project.dir/Core/Src/ring_buffer.c.obj
 .debug_frame   0x00000870       0x78 CMakeFiles/Project.dir/Core/Src/i2c.c.obj
 .debug_frame   0x000008e8       0x94 CMakeFiles/Project.dir/Core/Src/usart.c.obj
 .debug_frame   0x0000097c      0x190 CMakeFiles/Project.dir/Core/Src/stm32l4xx_it.c.obj
 .debug_frame   0x00000b0c       0x38 CMakeFiles/Project.dir/Core/Src/stm32l4xx_hal_msp.c.obj
 .debug_frame   0x00000b44       0x58 CMakeFiles/Project.dir/Core/Src/system_stm32l4xx.c.obj
 .debug_frame   0x00000b9c      0xc38 CMakeFiles/Project.dir/Drivers/STM32L4xx_HAL_Driver/Src/stm32l4xx_hal_i2c.c.obj
 .debug_frame   0x000017d4      0x100 CMakeFiles/Project.dir/Drivers/STM32L4xx_HAL_Driver/Src/stm32l4xx_hal_i2c_ex.c.obj
 .debug_frame   0x000018d4      0x498 CMakeFiles/Project.dir/Drivers/STM32L4xx_HAL_Driver/Src/stm32l4xx_hal.c.obj
 .debug_frame   0x00001d6c      0x21c CMakeFiles/Project.dir/Drivers/STM32L4xx_HAL_Driver/Src/stm32l4xx_hal_rcc.c.obj
 .debug_frame   0x00001f88      0x2fc CMakeFiles/Project.dir/Drivers/STM32L4xx_HAL_Driver/Src/stm32l4xx_hal_rcc_ex.c.obj
 .debug_frame   0x00002284      0x14c CMakeFiles/Project.dir/Drivers/STM32L4xx_HAL_Driver/Src/stm32l4xx_hal_gpio.c.obj
 .debug_frame   0x000023d0      0x204 CMakeFiles/Project.dir/Drivers/STM32L4xx_HAL_Driver/Src/stm32l4xx_hal_dma.c.obj
 .debug_frame   0x000025d4      0x584 CMakeFiles/Project.dir/Drivers/STM32L4xx_HAL_Driver/Src/stm32l4xx_hal_pwr_ex.c.obj
 .debug_frame   0x00002b58      0x4e8 CMakeFiles/Project.dir/Drivers/STM32L4xx_HAL_Driver/Src/stm32l4xx_hal_cortex.c.obj
 .debug_frame   0x00003040      0x9f4 CMakeFiles/Project.dir/Drivers/STM32L4xx_HAL_Driver/Src/stm32l4xx_hal_uart.c.obj
 .debug_frame   0x00003a34      0x204 CMakeFiles/Project.dir/Drivers/STM32L4xx_HAL_Driver/Src/stm32l4xx_hal_uart_ex.c.obj
 .debug_frame   0x00003c38       0x2c C:/ST/STM32CubeCLT_1.17.0/GNU-tools-for-STM32/bin/../lib/gcc/arm-none-eabi/12.3.1/thumb/v7e-m+fp/hard\libgcc.a(_aeabi_uldivmod.o)
 .debug_frame   0x00003c64       0x34 C:/ST/STM32CubeCLT_1.17.0/GNU-tools-for-STM32/bin/../lib/gcc/arm-none-eabi/12.3.1/thumb/v7e-m+fp/hard\libgcc.a(_udivmoddi4.o)
 .debug_frame   0x00003c98       0x28 C:/ST/STM32CubeCLT_1.17.0/GNU-tools-for-STM32/bin/../lib/gcc/arm-none-eabi/12.3.1/../../../../arm-none-eabi/lib/thumb/v7e-m+fp/hard\libg_nano.a(libc_a-memcmp.o)
 .debug_frame   0x00003cc0       0x20 C:/ST/STM32CubeCLT_1.17.0/GNU-tools-for-STM32/bin/../lib/gcc/arm-none-eabi/12.3.1/../../../../arm-none-eabi/lib/thumb/v7e-m+fp/hard\libg_nano.a(libc_a-strcmp.o)

.debug_info     0x00000000    0x1215a
 .debug_info    0x00000000      0x300 CMakeFiles/Project.dir/Drivers/External/keypad/keypad.c.obj
 .debug_info    0x00000300     0x1269 CMakeFiles/Project.dir/Drivers/External/ssd1306/ssd1306.c.obj
 .debug_info    0x00001569      0x2a4 CMakeFiles/Project.dir/Drivers/External/ssd1306/ssd1306_fonts.c.obj
 .debug_info    0x0000180d     0x1194 CMakeFiles/Project.dir/Core/Src/main.c.obj
 .debug_info    0x000029a1      0x6da CMakeFiles/Project.dir/Core/Src/gpio.c.obj
 .debug_info    0x0000307b      0x369 CMakeFiles/Project.dir/Core/Src/ring_buffer.c.obj
 .debug_info    0x000033e4      0xcb0 CMakeFiles/Project.dir/Core/Src/i2c.c.obj
 .debug_info    0x00004094      0xff4 CMakeFiles/Project.dir/Core/Src/usart.c.obj
 .debug_info    0x00005088      0x78b CMakeFiles/Project.dir/Core/Src/stm32l4xx_it.c.obj
 .debug_info    0x00005813      0x2b9 CMakeFiles/Project.dir/Core/Src/stm32l4xx_hal_msp.c.obj
 .debug_info    0x00005acc      0x5b1 CMakeFiles/Project.dir/Core/Src/system_stm32l4xx.c.obj
 .debug_info    0x0000607d     0x20d2 CMakeFiles/Project.dir/Drivers/STM32L4xx_HAL_Driver/Src/stm32l4xx_hal_i2c.c.obj
 .debug_info    0x0000814f      0x975 CMakeFiles/Project.dir/Drivers/STM32L4xx_HAL_Driver/Src/stm32l4xx_hal_i2c_ex.c.obj
 .debug_info    0x00008ac4      0xc09 CMakeFiles/Project.dir/Drivers/STM32L4xx_HAL_Driver/Src/stm32l4xx_hal.c.obj
 .debug_info    0x000096cd      0xc14 CMakeFiles/Project.dir/Drivers/STM32L4xx_HAL_Driver/Src/stm32l4xx_hal_rcc.c.obj
 .debug_info    0x0000a2e1      0xe11 CMakeFiles/Project.dir/Drivers/STM32L4xx_HAL_Driver/Src/stm32l4xx_hal_rcc_ex.c.obj
 .debug_info    0x0000b0f2      0x757 CMakeFiles/Project.dir/Drivers/STM32L4xx_HAL_Driver/Src/stm32l4xx_hal_gpio.c.obj
 .debug_info    0x0000b849      0x6f4 CMakeFiles/Project.dir/Drivers/STM32L4xx_HAL_Driver/Src/stm32l4xx_hal_dma.c.obj
 .debug_info    0x0000bf3d      0x99e CMakeFiles/Project.dir/Drivers/STM32L4xx_HAL_Driver/Src/stm32l4xx_hal_pwr_ex.c.obj
 .debug_info    0x0000c8db      0xd81 CMakeFiles/Project.dir/Drivers/STM32L4xx_HAL_Driver/Src/stm32l4xx_hal_cortex.c.obj
 .debug_info    0x0000d65c     0x3b69 CMakeFiles/Project.dir/Drivers/STM32L4xx_HAL_Driver/Src/stm32l4xx_hal_uart.c.obj
 .debug_info    0x000111c5      0xdff CMakeFiles/Project.dir/Drivers/STM32L4xx_HAL_Driver/Src/stm32l4xx_hal_uart_ex.c.obj
 .debug_info    0x00011fc4       0x30 CMakeFiles/Project.dir/startup_stm32l476xx.s.obj
 .debug_info    0x00011ff4      0x104 C:/ST/STM32CubeCLT_1.17.0/GNU-tools-for-STM32/bin/../lib/gcc/arm-none-eabi/12.3.1/../../../../arm-none-eabi/lib/thumb/v7e-m+fp/hard\libg_nano.a(libc_a-memcmp.o)
 .debug_info    0x000120f8       0x31 C:/ST/STM32CubeCLT_1.17.0/GNU-tools-for-STM32/bin/../lib/gcc/arm-none-eabi/12.3.1/../../../../arm-none-eabi/lib/thumb/v7e-m+fp/hard\libg_nano.a(libc_a-strcmp.o)
 .debug_info    0x00012129       0x31 C:/ST/STM32CubeCLT_1.17.0/GNU-tools-for-STM32/bin/../lib/gcc/arm-none-eabi/12.3.1/../../../../arm-none-eabi/lib/thumb/v7e-m+fp/hard\libg_nano.a(libc_a-strlen.o)

.debug_abbrev   0x00000000     0x2e5e
 .debug_abbrev  0x00000000      0x193 CMakeFiles/Project.dir/Drivers/External/keypad/keypad.c.obj
 .debug_abbrev  0x00000193      0x363 CMakeFiles/Project.dir/Drivers/External/ssd1306/ssd1306.c.obj
 .debug_abbrev  0x000004f6       0xcf CMakeFiles/Project.dir/Drivers/External/ssd1306/ssd1306_fonts.c.obj
 .debug_abbrev  0x000005c5      0x328 CMakeFiles/Project.dir/Core/Src/main.c.obj
 .debug_abbrev  0x000008ed      0x15b CMakeFiles/Project.dir/Core/Src/gpio.c.obj
 .debug_abbrev  0x00000a48      0x168 CMakeFiles/Project.dir/Core/Src/ring_buffer.c.obj
 .debug_abbrev  0x00000bb0      0x212 CMakeFiles/Project.dir/Core/Src/i2c.c.obj
 .debug_abbrev  0x00000dc2      0x201 CMakeFiles/Project.dir/Core/Src/usart.c.obj
 .debug_abbrev  0x00000fc3      0x18d CMakeFiles/Project.dir/Core/Src/stm32l4xx_it.c.obj
 .debug_abbrev  0x00001150       0xc6 CMakeFiles/Project.dir/Core/Src/stm32l4xx_hal_msp.c.obj
 .debug_abbrev  0x00001216      0x11a CMakeFiles/Project.dir/Core/Src/system_stm32l4xx.c.obj
 .debug_abbrev  0x00001330      0x261 CMakeFiles/Project.dir/Drivers/STM32L4xx_HAL_Driver/Src/stm32l4xx_hal_i2c.c.obj
 .debug_abbrev  0x00001591      0x1c3 CMakeFiles/Project.dir/Drivers/STM32L4xx_HAL_Driver/Src/stm32l4xx_hal_i2c_ex.c.obj
 .debug_abbrev  0x00001754      0x243 CMakeFiles/Project.dir/Drivers/STM32L4xx_HAL_Driver/Src/stm32l4xx_hal.c.obj
 .debug_abbrev  0x00001997      0x2cb CMakeFiles/Project.dir/Drivers/STM32L4xx_HAL_Driver/Src/stm32l4xx_hal_rcc.c.obj
 .debug_abbrev  0x00001c62      0x2a6 CMakeFiles/Project.dir/Drivers/STM32L4xx_HAL_Driver/Src/stm32l4xx_hal_rcc_ex.c.obj
 .debug_abbrev  0x00001f08      0x1cb CMakeFiles/Project.dir/Drivers/STM32L4xx_HAL_Driver/Src/stm32l4xx_hal_gpio.c.obj
 .debug_abbrev  0x000020d3      0x1e4 CMakeFiles/Project.dir/Drivers/STM32L4xx_HAL_Driver/Src/stm32l4xx_hal_dma.c.obj
 .debug_abbrev  0x000022b7      0x1f9 CMakeFiles/Project.dir/Drivers/STM32L4xx_HAL_Driver/Src/stm32l4xx_hal_pwr_ex.c.obj
 .debug_abbrev  0x000024b0      0x31c CMakeFiles/Project.dir/Drivers/STM32L4xx_HAL_Driver/Src/stm32l4xx_hal_cortex.c.obj
 .debug_abbrev  0x000027cc      0x2d0 CMakeFiles/Project.dir/Drivers/STM32L4xx_HAL_Driver/Src/stm32l4xx_hal_uart.c.obj
 .debug_abbrev  0x00002a9c      0x2be CMakeFiles/Project.dir/Drivers/STM32L4xx_HAL_Driver/Src/stm32l4xx_hal_uart_ex.c.obj
 .debug_abbrev  0x00002d5a       0x24 CMakeFiles/Project.dir/startup_stm32l476xx.s.obj
 .debug_abbrev  0x00002d7e       0x90 C:/ST/STM32CubeCLT_1.17.0/GNU-tools-for-STM32/bin/../lib/gcc/arm-none-eabi/12.3.1/../../../../arm-none-eabi/lib/thumb/v7e-m+fp/hard\libg_nano.a(libc_a-memcmp.o)
 .debug_abbrev  0x00002e0e       0x28 C:/ST/STM32CubeCLT_1.17.0/GNU-tools-for-STM32/bin/../lib/gcc/arm-none-eabi/12.3.1/../../../../arm-none-eabi/lib/thumb/v7e-m+fp/hard\libg_nano.a(libc_a-strcmp.o)
 .debug_abbrev  0x00002e36       0x28 C:/ST/STM32CubeCLT_1.17.0/GNU-tools-for-STM32/bin/../lib/gcc/arm-none-eabi/12.3.1/../../../../arm-none-eabi/lib/thumb/v7e-m+fp/hard\libg_nano.a(libc_a-strlen.o)

.debug_aranges  0x00000000      0xf70
 .debug_aranges
                0x00000000       0x30 CMakeFiles/Project.dir/Drivers/External/keypad/keypad.c.obj
 .debug_aranges
                0x00000030       0xe8 CMakeFiles/Project.dir/Drivers/External/ssd1306/ssd1306.c.obj
 .debug_aranges
                0x00000118       0x18 CMakeFiles/Project.dir/Drivers/External/ssd1306/ssd1306_fonts.c.obj
 .debug_aranges
                0x00000130       0x90 CMakeFiles/Project.dir/Core/Src/main.c.obj
 .debug_aranges
                0x000001c0       0x20 CMakeFiles/Project.dir/Core/Src/gpio.c.obj
 .debug_aranges
                0x000001e0       0x60 CMakeFiles/Project.dir/Core/Src/ring_buffer.c.obj
 .debug_aranges
                0x00000240       0x30 CMakeFiles/Project.dir/Core/Src/i2c.c.obj
 .debug_aranges
                0x00000270       0x38 CMakeFiles/Project.dir/Core/Src/usart.c.obj
 .debug_aranges
                0x000002a8       0x88 CMakeFiles/Project.dir/Core/Src/stm32l4xx_it.c.obj
 .debug_aranges
                0x00000330       0x20 CMakeFiles/Project.dir/Core/Src/stm32l4xx_hal_msp.c.obj
 .debug_aranges
                0x00000350       0x28 CMakeFiles/Project.dir/Core/Src/system_stm32l4xx.c.obj
 .debug_aranges
                0x00000378      0x2a0 CMakeFiles/Project.dir/Drivers/STM32L4xx_HAL_Driver/Src/stm32l4xx_hal_i2c.c.obj
 .debug_aranges
                0x00000618       0x48 CMakeFiles/Project.dir/Drivers/STM32L4xx_HAL_Driver/Src/stm32l4xx_hal_i2c_ex.c.obj
 .debug_aranges
                0x00000660      0x130 CMakeFiles/Project.dir/Drivers/STM32L4xx_HAL_Driver/Src/stm32l4xx_hal.c.obj
 .debug_aranges
                0x00000790       0x90 CMakeFiles/Project.dir/Drivers/STM32L4xx_HAL_Driver/Src/stm32l4xx_hal_rcc.c.obj
 .debug_aranges
                0x00000820       0xc0 CMakeFiles/Project.dir/Drivers/STM32L4xx_HAL_Driver/Src/stm32l4xx_hal_rcc_ex.c.obj
 .debug_aranges
                0x000008e0       0x58 CMakeFiles/Project.dir/Drivers/STM32L4xx_HAL_Driver/Src/stm32l4xx_hal_gpio.c.obj
 .debug_aranges
                0x00000938       0x80 CMakeFiles/Project.dir/Drivers/STM32L4xx_HAL_Driver/Src/stm32l4xx_hal_dma.c.obj
 .debug_aranges
                0x000009b8      0x160 CMakeFiles/Project.dir/Drivers/STM32L4xx_HAL_Driver/Src/stm32l4xx_hal_pwr_ex.c.obj
 .debug_aranges
                0x00000b18      0x128 CMakeFiles/Project.dir/Drivers/STM32L4xx_HAL_Driver/Src/stm32l4xx_hal_cortex.c.obj
 .debug_aranges
                0x00000c40      0x228 CMakeFiles/Project.dir/Drivers/STM32L4xx_HAL_Driver/Src/stm32l4xx_hal_uart.c.obj
 .debug_aranges
                0x00000e68       0x80 CMakeFiles/Project.dir/Drivers/STM32L4xx_HAL_Driver/Src/stm32l4xx_hal_uart_ex.c.obj
 .debug_aranges
                0x00000ee8       0x28 CMakeFiles/Project.dir/startup_stm32l476xx.s.obj
 .debug_aranges
                0x00000f10       0x20 C:/ST/STM32CubeCLT_1.17.0/GNU-tools-for-STM32/bin/../lib/gcc/arm-none-eabi/12.3.1/../../../../arm-none-eabi/lib/thumb/v7e-m+fp/hard\libg_nano.a(libc_a-memcmp.o)
 .debug_aranges
                0x00000f30       0x20 C:/ST/STM32CubeCLT_1.17.0/GNU-tools-for-STM32/bin/../lib/gcc/arm-none-eabi/12.3.1/../../../../arm-none-eabi/lib/thumb/v7e-m+fp/hard\libg_nano.a(libc_a-strcmp.o)
 .debug_aranges
                0x00000f50       0x20 C:/ST/STM32CubeCLT_1.17.0/GNU-tools-for-STM32/bin/../lib/gcc/arm-none-eabi/12.3.1/../../../../arm-none-eabi/lib/thumb/v7e-m+fp/hard\libg_nano.a(libc_a-strlen.o)

.debug_rnglists
                0x00000000      0xb9c
 .debug_rnglists
                0x00000000       0x21 CMakeFiles/Project.dir/Drivers/External/keypad/keypad.c.obj
 .debug_rnglists
                0x00000021       0xb4 CMakeFiles/Project.dir/Drivers/External/ssd1306/ssd1306.c.obj
 .debug_rnglists
                0x000000d5       0x6f CMakeFiles/Project.dir/Core/Src/main.c.obj
 .debug_rnglists
                0x00000144       0x14 CMakeFiles/Project.dir/Core/Src/gpio.c.obj
 .debug_rnglists
                0x00000158       0x44 CMakeFiles/Project.dir/Core/Src/ring_buffer.c.obj
 .debug_rnglists
                0x0000019c       0x21 CMakeFiles/Project.dir/Core/Src/i2c.c.obj
 .debug_rnglists
                0x000001bd       0x26 CMakeFiles/Project.dir/Core/Src/usart.c.obj
 .debug_rnglists
                0x000001e3       0x61 CMakeFiles/Project.dir/Core/Src/stm32l4xx_it.c.obj
 .debug_rnglists
                0x00000244       0x13 CMakeFiles/Project.dir/Core/Src/stm32l4xx_hal_msp.c.obj
 .debug_rnglists
                0x00000257       0x1a CMakeFiles/Project.dir/Core/Src/system_stm32l4xx.c.obj
 .debug_rnglists
                0x00000271      0x228 CMakeFiles/Project.dir/Drivers/STM32L4xx_HAL_Driver/Src/stm32l4xx_hal_i2c.c.obj
 .debug_rnglists
                0x00000499       0x35 CMakeFiles/Project.dir/Drivers/STM32L4xx_HAL_Driver/Src/stm32l4xx_hal_i2c_ex.c.obj
 .debug_rnglists
                0x000004ce       0xdf CMakeFiles/Project.dir/Drivers/STM32L4xx_HAL_Driver/Src/stm32l4xx_hal.c.obj
 .debug_rnglists
                0x000005ad       0x6d CMakeFiles/Project.dir/Drivers/STM32L4xx_HAL_Driver/Src/stm32l4xx_hal_rcc.c.obj
 .debug_rnglists
                0x0000061a       0x95 CMakeFiles/Project.dir/Drivers/STM32L4xx_HAL_Driver/Src/stm32l4xx_hal_rcc_ex.c.obj
 .debug_rnglists
                0x000006af       0x3f CMakeFiles/Project.dir/Drivers/STM32L4xx_HAL_Driver/Src/stm32l4xx_hal_gpio.c.obj
 .debug_rnglists
                0x000006ee       0x64 CMakeFiles/Project.dir/Drivers/STM32L4xx_HAL_Driver/Src/stm32l4xx_hal_dma.c.obj
 .debug_rnglists
                0x00000752      0x109 CMakeFiles/Project.dir/Drivers/STM32L4xx_HAL_Driver/Src/stm32l4xx_hal_pwr_ex.c.obj
 .debug_rnglists
                0x0000085b       0xda CMakeFiles/Project.dir/Drivers/STM32L4xx_HAL_Driver/Src/stm32l4xx_hal_cortex.c.obj
 .debug_rnglists
                0x00000935      0x1db CMakeFiles/Project.dir/Drivers/STM32L4xx_HAL_Driver/Src/stm32l4xx_hal_uart.c.obj
 .debug_rnglists
                0x00000b10       0x60 CMakeFiles/Project.dir/Drivers/STM32L4xx_HAL_Driver/Src/stm32l4xx_hal_uart_ex.c.obj
 .debug_rnglists
                0x00000b70       0x19 CMakeFiles/Project.dir/startup_stm32l476xx.s.obj
 .debug_rnglists
                0x00000b89       0x13 C:/ST/STM32CubeCLT_1.17.0/GNU-tools-for-STM32/bin/../lib/gcc/arm-none-eabi/12.3.1/../../../../arm-none-eabi/lib/thumb/v7e-m+fp/hard\libg_nano.a(libc_a-memcmp.o)

.debug_macro    0x00000000    0x2764b
 .debug_macro   0x00000000      0x1de CMakeFiles/Project.dir/Drivers/External/keypad/keypad.c.obj
 .debug_macro   0x000001de      0xab4 CMakeFiles/Project.dir/Drivers/External/keypad/keypad.c.obj
 .debug_macro   0x00000c92       0x22 CMakeFiles/Project.dir/Drivers/External/keypad/keypad.c.obj
 .debug_macro   0x00000cb4       0x8e CMakeFiles/Project.dir/Drivers/External/keypad/keypad.c.obj
 .debug_macro   0x00000d42       0x51 CMakeFiles/Project.dir/Drivers/External/keypad/keypad.c.obj
 .debug_macro   0x00000d93      0x103 CMakeFiles/Project.dir/Drivers/External/keypad/keypad.c.obj
 .debug_macro   0x00000e96       0x6a CMakeFiles/Project.dir/Drivers/External/keypad/keypad.c.obj
 .debug_macro   0x00000f00      0x1df CMakeFiles/Project.dir/Drivers/External/keypad/keypad.c.obj
 .debug_macro   0x000010df      0x1a7 CMakeFiles/Project.dir/Drivers/External/keypad/keypad.c.obj
 .debug_macro   0x00001286       0x2e CMakeFiles/Project.dir/Drivers/External/keypad/keypad.c.obj
 .debug_macro   0x000012b4       0x28 CMakeFiles/Project.dir/Drivers/External/keypad/keypad.c.obj
 .debug_macro   0x000012dc       0x1c CMakeFiles/Project.dir/Drivers/External/keypad/keypad.c.obj
 .debug_macro   0x000012f8       0x22 CMakeFiles/Project.dir/Drivers/External/keypad/keypad.c.obj
 .debug_macro   0x0000131a       0xfb CMakeFiles/Project.dir/Drivers/External/keypad/keypad.c.obj
 .debug_macro   0x00001415     0x1011 CMakeFiles/Project.dir/Drivers/External/keypad/keypad.c.obj
 .debug_macro   0x00002426      0x11f CMakeFiles/Project.dir/Drivers/External/keypad/keypad.c.obj
 .debug_macro   0x00002545    0x1a17a CMakeFiles/Project.dir/Drivers/External/keypad/keypad.c.obj
 .debug_macro   0x0001c6bf       0x6d CMakeFiles/Project.dir/Drivers/External/keypad/keypad.c.obj
 .debug_macro   0x0001c72c     0x38fb CMakeFiles/Project.dir/Drivers/External/keypad/keypad.c.obj
 .debug_macro   0x00020027      0x189 CMakeFiles/Project.dir/Drivers/External/keypad/keypad.c.obj
 .debug_macro   0x000201b0       0x5c CMakeFiles/Project.dir/Drivers/External/keypad/keypad.c.obj
 .debug_macro   0x0002020c     0x159e CMakeFiles/Project.dir/Drivers/External/keypad/keypad.c.obj
 .debug_macro   0x000217aa      0x5a5 CMakeFiles/Project.dir/Drivers/External/keypad/keypad.c.obj
 .debug_macro   0x00021d4f      0x1b9 CMakeFiles/Project.dir/Drivers/External/keypad/keypad.c.obj
 .debug_macro   0x00021f08      0x18b CMakeFiles/Project.dir/Drivers/External/keypad/keypad.c.obj
 .debug_macro   0x00022093      0x26b CMakeFiles/Project.dir/Drivers/External/keypad/keypad.c.obj
 .debug_macro   0x000222fe      0x23d CMakeFiles/Project.dir/Drivers/External/keypad/keypad.c.obj
 .debug_macro   0x0002253b      0x241 CMakeFiles/Project.dir/Drivers/External/keypad/keypad.c.obj
 .debug_macro   0x0002277c      0x37c CMakeFiles/Project.dir/Drivers/External/keypad/keypad.c.obj
 .debug_macro   0x00022af8       0xd6 CMakeFiles/Project.dir/Drivers/External/keypad/keypad.c.obj
 .debug_macro   0x00022bce      0x22c CMakeFiles/Project.dir/Drivers/External/keypad/keypad.c.obj
 .debug_macro   0x00022dfa       0x61 CMakeFiles/Project.dir/Drivers/External/keypad/keypad.c.obj
 .debug_macro   0x00022e5b       0xa5 CMakeFiles/Project.dir/Drivers/External/keypad/keypad.c.obj
 .debug_macro   0x00022f00      0x122 CMakeFiles/Project.dir/Drivers/External/keypad/keypad.c.obj
 .debug_macro   0x00023022      0x3ef CMakeFiles/Project.dir/Drivers/External/keypad/keypad.c.obj
 .debug_macro   0x00023411      0x5cf CMakeFiles/Project.dir/Drivers/External/keypad/keypad.c.obj
 .debug_macro   0x000239e0       0x44 CMakeFiles/Project.dir/Drivers/External/keypad/keypad.c.obj
 .debug_macro   0x00023a24      0x330 CMakeFiles/Project.dir/Drivers/External/keypad/keypad.c.obj
 .debug_macro   0x00023d54       0xf4 CMakeFiles/Project.dir/Drivers/External/keypad/keypad.c.obj
 .debug_macro   0x00023e48      0x2e1 CMakeFiles/Project.dir/Drivers/External/ssd1306/ssd1306.c.obj
 .debug_macro   0x00024129       0x74 CMakeFiles/Project.dir/Drivers/External/ssd1306/ssd1306.c.obj
 .debug_macro   0x0002419d       0x2a CMakeFiles/Project.dir/Drivers/External/ssd1306/ssd1306.c.obj
 .debug_macro   0x000241c7       0x3c CMakeFiles/Project.dir/Drivers/External/ssd1306/ssd1306.c.obj
 .debug_macro   0x00024203       0x34 CMakeFiles/Project.dir/Drivers/External/ssd1306/ssd1306.c.obj
 .debug_macro   0x00024237       0x46 CMakeFiles/Project.dir/Drivers/External/ssd1306/ssd1306.c.obj
 .debug_macro   0x0002427d       0x28 CMakeFiles/Project.dir/Drivers/External/ssd1306/ssd1306.c.obj
 .debug_macro   0x000242a5       0x4c CMakeFiles/Project.dir/Drivers/External/ssd1306/ssd1306.c.obj
 .debug_macro   0x000242f1       0x16 CMakeFiles/Project.dir/Drivers/External/ssd1306/ssd1306.c.obj
 .debug_macro   0x00024307       0x43 CMakeFiles/Project.dir/Drivers/External/ssd1306/ssd1306.c.obj
 .debug_macro   0x0002434a       0x34 CMakeFiles/Project.dir/Drivers/External/ssd1306/ssd1306.c.obj
 .debug_macro   0x0002437e       0x10 CMakeFiles/Project.dir/Drivers/External/ssd1306/ssd1306.c.obj
 .debug_macro   0x0002438e       0x58 CMakeFiles/Project.dir/Drivers/External/ssd1306/ssd1306.c.obj
 .debug_macro   0x000243e6      0x1de CMakeFiles/Project.dir/Drivers/External/ssd1306/ssd1306.c.obj
 .debug_macro   0x000245c4      0x369 CMakeFiles/Project.dir/Drivers/External/ssd1306/ssd1306.c.obj
 .debug_macro   0x0002492d      0x19b CMakeFiles/Project.dir/Drivers/External/ssd1306/ssd1306.c.obj
 .debug_macro   0x00024ac8       0x16 CMakeFiles/Project.dir/Drivers/External/ssd1306/ssd1306.c.obj
 .debug_macro   0x00024ade       0x35 CMakeFiles/Project.dir/Drivers/External/ssd1306/ssd1306.c.obj
 .debug_macro   0x00024b13       0x16 CMakeFiles/Project.dir/Drivers/External/ssd1306/ssd1306.c.obj
 .debug_macro   0x00024b29       0x29 CMakeFiles/Project.dir/Drivers/External/ssd1306/ssd1306.c.obj
 .debug_macro   0x00024b52       0x16 CMakeFiles/Project.dir/Drivers/External/ssd1306/ssd1306.c.obj
 .debug_macro   0x00024b68       0x20 CMakeFiles/Project.dir/Drivers/External/ssd1306/ssd1306.c.obj
 .debug_macro   0x00024b88      0x21b CMakeFiles/Project.dir/Drivers/External/ssd1306/ssd1306_fonts.c.obj
 .debug_macro   0x00024da3      0x363 CMakeFiles/Project.dir/Core/Src/main.c.obj
 .debug_macro   0x00025106       0x10 CMakeFiles/Project.dir/Core/Src/main.c.obj
 .debug_macro   0x00025116       0x1c CMakeFiles/Project.dir/Core/Src/main.c.obj
 .debug_macro   0x00025132       0x10 CMakeFiles/Project.dir/Core/Src/main.c.obj
 .debug_macro   0x00025142       0x1c CMakeFiles/Project.dir/Core/Src/main.c.obj
 .debug_macro   0x0002515e       0x16 CMakeFiles/Project.dir/Core/Src/main.c.obj
 .debug_macro   0x00025174      0x170 CMakeFiles/Project.dir/Core/Src/main.c.obj
 .debug_macro   0x000252e4      0x1de CMakeFiles/Project.dir/Core/Src/gpio.c.obj
 .debug_macro   0x000254c2      0x2a1 CMakeFiles/Project.dir/Core/Src/ring_buffer.c.obj
 .debug_macro   0x00025763       0x56 CMakeFiles/Project.dir/Core/Src/ring_buffer.c.obj
 .debug_macro   0x000257b9      0x1de CMakeFiles/Project.dir/Core/Src/i2c.c.obj
 .debug_macro   0x00025997      0x1de CMakeFiles/Project.dir/Core/Src/usart.c.obj
 .debug_macro   0x00025b75      0x1de CMakeFiles/Project.dir/Core/Src/stm32l4xx_it.c.obj
 .debug_macro   0x00025d53      0x1d4 CMakeFiles/Project.dir/Core/Src/stm32l4xx_hal_msp.c.obj
 .debug_macro   0x00025f27      0x1c5 CMakeFiles/Project.dir/Core/Src/system_stm32l4xx.c.obj
 .debug_macro   0x000260ec      0x291 CMakeFiles/Project.dir/Drivers/STM32L4xx_HAL_Driver/Src/stm32l4xx_hal_i2c.c.obj
 .debug_macro   0x0002637d      0x1c5 CMakeFiles/Project.dir/Drivers/STM32L4xx_HAL_Driver/Src/stm32l4xx_hal_i2c_ex.c.obj
 .debug_macro   0x00026542      0x213 CMakeFiles/Project.dir/Drivers/STM32L4xx_HAL_Driver/Src/stm32l4xx_hal.c.obj
 .debug_macro   0x00026755      0x207 CMakeFiles/Project.dir/Drivers/STM32L4xx_HAL_Driver/Src/stm32l4xx_hal_rcc.c.obj
 .debug_macro   0x0002695c      0x1fb CMakeFiles/Project.dir/Drivers/STM32L4xx_HAL_Driver/Src/stm32l4xx_hal_rcc_ex.c.obj
 .debug_macro   0x00026b57      0x1cc CMakeFiles/Project.dir/Drivers/STM32L4xx_HAL_Driver/Src/stm32l4xx_hal_gpio.c.obj
 .debug_macro   0x00026d23      0x1c5 CMakeFiles/Project.dir/Drivers/STM32L4xx_HAL_Driver/Src/stm32l4xx_hal_dma.c.obj
 .debug_macro   0x00026ee8      0x1e9 CMakeFiles/Project.dir/Drivers/STM32L4xx_HAL_Driver/Src/stm32l4xx_hal_pwr_ex.c.obj
 .debug_macro   0x000270d1      0x1c5 CMakeFiles/Project.dir/Drivers/STM32L4xx_HAL_Driver/Src/stm32l4xx_hal_cortex.c.obj
 .debug_macro   0x00027296      0x1f0 CMakeFiles/Project.dir/Drivers/STM32L4xx_HAL_Driver/Src/stm32l4xx_hal_uart.c.obj
 .debug_macro   0x00027486      0x1c5 CMakeFiles/Project.dir/Drivers/STM32L4xx_HAL_Driver/Src/stm32l4xx_hal_uart_ex.c.obj

.debug_line     0x00000000    0x14f33
 .debug_line    0x00000000      0x84c CMakeFiles/Project.dir/Drivers/External/keypad/keypad.c.obj
 .debug_line    0x0000084c     0x10c1 CMakeFiles/Project.dir/Drivers/External/ssd1306/ssd1306.c.obj
 .debug_line    0x0000190d      0x78a CMakeFiles/Project.dir/Drivers/External/ssd1306/ssd1306_fonts.c.obj
 .debug_line    0x00002097      0xd35 CMakeFiles/Project.dir/Core/Src/main.c.obj
 .debug_line    0x00002dcc      0x7a6 CMakeFiles/Project.dir/Core/Src/gpio.c.obj
 .debug_line    0x00003572      0x9f6 CMakeFiles/Project.dir/Core/Src/ring_buffer.c.obj
 .debug_line    0x00003f68      0x7d0 CMakeFiles/Project.dir/Core/Src/i2c.c.obj
 .debug_line    0x00004738      0x844 CMakeFiles/Project.dir/Core/Src/usart.c.obj
 .debug_line    0x00004f7c      0x87d CMakeFiles/Project.dir/Core/Src/stm32l4xx_it.c.obj
 .debug_line    0x000057f9      0x73f CMakeFiles/Project.dir/Core/Src/stm32l4xx_hal_msp.c.obj
 .debug_line    0x00005f38      0x7da CMakeFiles/Project.dir/Core/Src/system_stm32l4xx.c.obj
 .debug_line    0x00006712     0x3a68 CMakeFiles/Project.dir/Drivers/STM32L4xx_HAL_Driver/Src/stm32l4xx_hal_i2c.c.obj
 .debug_line    0x0000a17a      0x95d CMakeFiles/Project.dir/Drivers/STM32L4xx_HAL_Driver/Src/stm32l4xx_hal_i2c_ex.c.obj
 .debug_line    0x0000aad7      0xb36 CMakeFiles/Project.dir/Drivers/STM32L4xx_HAL_Driver/Src/stm32l4xx_hal.c.obj
 .debug_line    0x0000b60d      0xfae CMakeFiles/Project.dir/Drivers/STM32L4xx_HAL_Driver/Src/stm32l4xx_hal_rcc.c.obj
 .debug_line    0x0000c5bb     0x1520 CMakeFiles/Project.dir/Drivers/STM32L4xx_HAL_Driver/Src/stm32l4xx_hal_rcc_ex.c.obj
 .debug_line    0x0000dadb      0xbc1 CMakeFiles/Project.dir/Drivers/STM32L4xx_HAL_Driver/Src/stm32l4xx_hal_gpio.c.obj
 .debug_line    0x0000e69c      0xd3a CMakeFiles/Project.dir/Drivers/STM32L4xx_HAL_Driver/Src/stm32l4xx_hal_dma.c.obj
 .debug_line    0x0000f3d6      0xd27 CMakeFiles/Project.dir/Drivers/STM32L4xx_HAL_Driver/Src/stm32l4xx_hal_pwr_ex.c.obj
 .debug_line    0x000100fd      0xcfe CMakeFiles/Project.dir/Drivers/STM32L4xx_HAL_Driver/Src/stm32l4xx_hal_cortex.c.obj
 .debug_line    0x00010dfb     0x3247 CMakeFiles/Project.dir/Drivers/STM32L4xx_HAL_Driver/Src/stm32l4xx_hal_uart.c.obj
 .debug_line    0x00014042      0xc3b CMakeFiles/Project.dir/Drivers/STM32L4xx_HAL_Driver/Src/stm32l4xx_hal_uart_ex.c.obj
 .debug_line    0x00014c7d       0x7a CMakeFiles/Project.dir/startup_stm32l476xx.s.obj
 .debug_line    0x00014cf7      0x19d C:/ST/STM32CubeCLT_1.17.0/GNU-tools-for-STM32/bin/../lib/gcc/arm-none-eabi/12.3.1/../../../../arm-none-eabi/lib/thumb/v7e-m+fp/hard\libg_nano.a(libc_a-memcmp.o)
 .debug_line    0x00014e94       0x50 C:/ST/STM32CubeCLT_1.17.0/GNU-tools-for-STM32/bin/../lib/gcc/arm-none-eabi/12.3.1/../../../../arm-none-eabi/lib/thumb/v7e-m+fp/hard\libg_nano.a(libc_a-strcmp.o)
 .debug_line    0x00014ee4       0x4f C:/ST/STM32CubeCLT_1.17.0/GNU-tools-for-STM32/bin/../lib/gcc/arm-none-eabi/12.3.1/../../../../arm-none-eabi/lib/thumb/v7e-m+fp/hard\libg_nano.a(libc_a-strlen.o)

.debug_str      0x00000000    0xec098
 .debug_str     0x00000000    0xe2c94 CMakeFiles/Project.dir/Drivers/External/keypad/keypad.c.obj
                              0xe2f40 (size before relaxing)
 .debug_str     0x000e2c94     0x3f0c CMakeFiles/Project.dir/Drivers/External/ssd1306/ssd1306.c.obj
                              0xe6a73 (size before relaxing)
 .debug_str     0x000e6ba0       0xeb CMakeFiles/Project.dir/Drivers/External/ssd1306/ssd1306_fonts.c.obj
                              0xe310c (size before relaxing)
 .debug_str     0x000e6c8b     0x1017 CMakeFiles/Project.dir/Core/Src/main.c.obj
                              0xe6fdf (size before relaxing)
 .debug_str     0x000e7ca2      0x5f6 CMakeFiles/Project.dir/Core/Src/gpio.c.obj
                              0xe3568 (size before relaxing)
 .debug_str     0x000e8298       0xd4 CMakeFiles/Project.dir/Core/Src/ring_buffer.c.obj
                              0xe5ade (size before relaxing)
 .debug_str     0x000e836c      0x301 CMakeFiles/Project.dir/Core/Src/i2c.c.obj
                              0xe3808 (size before relaxing)
 .debug_str     0x000e866d       0x97 CMakeFiles/Project.dir/Core/Src/usart.c.obj
                              0xe3cc1 (size before relaxing)
 .debug_str     0x000e8704      0x185 CMakeFiles/Project.dir/Core/Src/stm32l4xx_it.c.obj
                              0xe33c0 (size before relaxing)
 .debug_str     0x000e8889       0x5e CMakeFiles/Project.dir/Core/Src/stm32l4xx_hal_msp.c.obj
                              0xe2f85 (size before relaxing)
 .debug_str     0x000e88e7      0x124 CMakeFiles/Project.dir/Core/Src/system_stm32l4xx.c.obj
                              0xe2ca1 (size before relaxing)
 .debug_str     0x000e8a0b      0xe34 CMakeFiles/Project.dir/Drivers/STM32L4xx_HAL_Driver/Src/stm32l4xx_hal_i2c.c.obj
                              0xe3ea2 (size before relaxing)
 .debug_str     0x000e983f      0x11d CMakeFiles/Project.dir/Drivers/STM32L4xx_HAL_Driver/Src/stm32l4xx_hal_i2c_ex.c.obj
                              0xe31ae (size before relaxing)
 .debug_str     0x000e995c      0x690 CMakeFiles/Project.dir/Drivers/STM32L4xx_HAL_Driver/Src/stm32l4xx_hal.c.obj
                              0xe38a0 (size before relaxing)
 .debug_str     0x000e9fec      0x3ec CMakeFiles/Project.dir/Drivers/STM32L4xx_HAL_Driver/Src/stm32l4xx_hal_rcc.c.obj
                              0xe32e7 (size before relaxing)
 .debug_str     0x000ea3d8      0x438 CMakeFiles/Project.dir/Drivers/STM32L4xx_HAL_Driver/Src/stm32l4xx_hal_rcc_ex.c.obj
                              0xe3460 (size before relaxing)
 .debug_str     0x000ea810       0xc4 CMakeFiles/Project.dir/Drivers/STM32L4xx_HAL_Driver/Src/stm32l4xx_hal_gpio.c.obj
                              0xe2e1a (size before relaxing)
 .debug_str     0x000ea8d4      0x252 CMakeFiles/Project.dir/Drivers/STM32L4xx_HAL_Driver/Src/stm32l4xx_hal_dma.c.obj
                              0xe2f0b (size before relaxing)
 .debug_str     0x000eab26      0x48f CMakeFiles/Project.dir/Drivers/STM32L4xx_HAL_Driver/Src/stm32l4xx_hal_pwr_ex.c.obj
                              0xe31fc (size before relaxing)
 .debug_str     0x000eafb5      0x37d CMakeFiles/Project.dir/Drivers/STM32L4xx_HAL_Driver/Src/stm32l4xx_hal_cortex.c.obj
                              0xe351a (size before relaxing)
 .debug_str     0x000eb332      0x88e CMakeFiles/Project.dir/Drivers/STM32L4xx_HAL_Driver/Src/stm32l4xx_hal_uart.c.obj
                              0xe39f9 (size before relaxing)
 .debug_str     0x000ebbc0      0x232 CMakeFiles/Project.dir/Drivers/STM32L4xx_HAL_Driver/Src/stm32l4xx_hal_uart_ex.c.obj
                              0xe3225 (size before relaxing)
 .debug_str     0x000ebdf2       0x67 CMakeFiles/Project.dir/startup_stm32l476xx.s.obj
                                 0xa8 (size before relaxing)
 .debug_str     0x000ebe59      0x16e C:/ST/STM32CubeCLT_1.17.0/GNU-tools-for-STM32/bin/../lib/gcc/arm-none-eabi/12.3.1/../../../../arm-none-eabi/lib/thumb/v7e-m+fp/hard\libg_nano.a(libc_a-memcmp.o)
                                0x211 (size before relaxing)
 .debug_str     0x000ebfc7       0x68 C:/ST/STM32CubeCLT_1.17.0/GNU-tools-for-STM32/bin/../lib/gcc/arm-none-eabi/12.3.1/../../../../arm-none-eabi/lib/thumb/v7e-m+fp/hard\libg_nano.a(libc_a-strcmp.o)
                                 0xf2 (size before relaxing)
 .debug_str     0x000ec02f       0x69 C:/ST/STM32CubeCLT_1.17.0/GNU-tools-for-STM32/bin/../lib/gcc/arm-none-eabi/12.3.1/../../../../arm-none-eabi/lib/thumb/v7e-m+fp/hard\libg_nano.a(libc_a-strlen.o)
                                 0xf3 (size before relaxing)

.debug_line_str
                0x00000000      0x17c
 .debug_line_str
                0x00000000       0x8c CMakeFiles/Project.dir/startup_stm32l476xx.s.obj
 .debug_line_str
                0x0000008c       0xdd C:/ST/STM32CubeCLT_1.17.0/GNU-tools-for-STM32/bin/../lib/gcc/arm-none-eabi/12.3.1/../../../../arm-none-eabi/lib/thumb/v7e-m+fp/hard\libg_nano.a(libc_a-strcmp.o)
 .debug_line_str
                0x00000169       0x13 C:/ST/STM32CubeCLT_1.17.0/GNU-tools-for-STM32/bin/../lib/gcc/arm-none-eabi/12.3.1/../../../../arm-none-eabi/lib/thumb/v7e-m+fp/hard\libg_nano.a(libc_a-strlen.o)
                                 0xde (size before relaxing)

.debug_loclists
                0x00000000       0xa1
 .debug_loclists
                0x00000000       0xa1 C:/ST/STM32CubeCLT_1.17.0/GNU-tools-for-STM32/bin/../lib/gcc/arm-none-eabi/12.3.1/../../../../arm-none-eabi/lib/thumb/v7e-m+fp/hard\libg_nano.a(libc_a-memcmp.o)
